Archive member included because of file (symbol)

c:/program files (x86)/atmel/studio/7.0/toolchain/avr32/avr32-gnu-toolchain/bin/../lib/gcc/avr32/4.4.7/ucr3fp\libstdc++.a(del_op.o)
                              src/libraries/AP_GPS/AP_GPS.o (operator delete(void*))
c:/program files (x86)/atmel/studio/7.0/toolchain/avr32/avr32-gnu-toolchain/bin/../lib/gcc/avr32/4.4.7/ucr3fp\libstdc++.a(new_op.o)
                              src/libraries/AP_GPS/AP_GPS.o (operator new(unsigned long))
c:/program files (x86)/atmel/studio/7.0/toolchain/avr32/avr32-gnu-toolchain/bin/../lib/gcc/avr32/4.4.7/ucr3fp\libstdc++.a(pure.o)
                              src/libraries/AP_GPS/AP_GPS_MTK.o (__cxa_pure_virtual)
c:/program files (x86)/atmel/studio/7.0/toolchain/avr32/avr32-gnu-toolchain/bin/../lib/gcc/avr32/4.4.7/ucr3fp\libstdc++.a(new_handler.o)
                              c:/program files (x86)/atmel/studio/7.0/toolchain/avr32/avr32-gnu-toolchain/bin/../lib/gcc/avr32/4.4.7/ucr3fp\libstdc++.a(new_op.o) (std::bad_alloc::~bad_alloc())
c:/program files (x86)/atmel/studio/7.0/toolchain/avr32/avr32-gnu-toolchain/bin/../lib/gcc/avr32/4.4.7/ucr3fp\libstdc++.a(class_type_info.o)
                              src/libraries/AP_GPS/AP_GPS_MTK.o (vtable for __cxxabiv1::__class_type_info)
c:/program files (x86)/atmel/studio/7.0/toolchain/avr32/avr32-gnu-toolchain/bin/../lib/gcc/avr32/4.4.7/ucr3fp\libstdc++.a(eh_alloc.o)
                              c:/program files (x86)/atmel/studio/7.0/toolchain/avr32/avr32-gnu-toolchain/bin/../lib/gcc/avr32/4.4.7/ucr3fp\libstdc++.a(new_op.o) (__cxa_allocate_exception)
c:/program files (x86)/atmel/studio/7.0/toolchain/avr32/avr32-gnu-toolchain/bin/../lib/gcc/avr32/4.4.7/ucr3fp\libstdc++.a(si_class_type_info.o)
                              src/libraries/AP_GPS/AP_GPS_MTK.o (vtable for __cxxabiv1::__si_class_type_info)
c:/program files (x86)/atmel/studio/7.0/toolchain/avr32/avr32-gnu-toolchain/bin/../lib/gcc/avr32/4.4.7/ucr3fp\libstdc++.a(eh_throw.o)
                              c:/program files (x86)/atmel/studio/7.0/toolchain/avr32/avr32-gnu-toolchain/bin/../lib/gcc/avr32/4.4.7/ucr3fp\libstdc++.a(new_op.o) (__cxa_throw)
c:/program files (x86)/atmel/studio/7.0/toolchain/avr32/avr32-gnu-toolchain/bin/../lib/gcc/avr32/4.4.7/ucr3fp\libstdc++.a(eh_personality.o)
                              src/libraries/AP_GPS/AP_GPS.o (__gxx_personality_sj0)
c:/program files (x86)/atmel/studio/7.0/toolchain/avr32/avr32-gnu-toolchain/bin/../lib/gcc/avr32/4.4.7/ucr3fp\libstdc++.a(eh_unex_handler.o)
                              c:/program files (x86)/atmel/studio/7.0/toolchain/avr32/avr32-gnu-toolchain/bin/../lib/gcc/avr32/4.4.7/ucr3fp\libstdc++.a(eh_throw.o) (__cxxabiv1::__unexpected_handler)
c:/program files (x86)/atmel/studio/7.0/toolchain/avr32/avr32-gnu-toolchain/bin/../lib/gcc/avr32/4.4.7/ucr3fp\libstdc++.a(eh_exception.o)
                              c:/program files (x86)/atmel/studio/7.0/toolchain/avr32/avr32-gnu-toolchain/bin/../lib/gcc/avr32/4.4.7/ucr3fp\libstdc++.a(new_handler.o) (std::exception::~exception())
c:/program files (x86)/atmel/studio/7.0/toolchain/avr32/avr32-gnu-toolchain/bin/../lib/gcc/avr32/4.4.7/ucr3fp\libstdc++.a(eh_globals.o)
                              c:/program files (x86)/atmel/studio/7.0/toolchain/avr32/avr32-gnu-toolchain/bin/../lib/gcc/avr32/4.4.7/ucr3fp\libstdc++.a(eh_personality.o) (__cxa_get_globals_fast)
c:/program files (x86)/atmel/studio/7.0/toolchain/avr32/avr32-gnu-toolchain/bin/../lib/gcc/avr32/4.4.7/ucr3fp\libstdc++.a(eh_terminate.o)
                              c:/program files (x86)/atmel/studio/7.0/toolchain/avr32/avr32-gnu-toolchain/bin/../lib/gcc/avr32/4.4.7/ucr3fp\libstdc++.a(eh_throw.o) (__cxxabiv1::__terminate(void (*)()))
c:/program files (x86)/atmel/studio/7.0/toolchain/avr32/avr32-gnu-toolchain/bin/../lib/gcc/avr32/4.4.7/ucr3fp\libstdc++.a(eh_call.o)
                              c:/program files (x86)/atmel/studio/7.0/toolchain/avr32/avr32-gnu-toolchain/bin/../lib/gcc/avr32/4.4.7/ucr3fp\libstdc++.a(eh_personality.o) (__cxa_call_terminate)
c:/program files (x86)/atmel/studio/7.0/toolchain/avr32/avr32-gnu-toolchain/bin/../lib/gcc/avr32/4.4.7/ucr3fp\libstdc++.a(eh_term_handler.o)
                              c:/program files (x86)/atmel/studio/7.0/toolchain/avr32/avr32-gnu-toolchain/bin/../lib/gcc/avr32/4.4.7/ucr3fp\libstdc++.a(eh_throw.o) (__cxxabiv1::__terminate_handler)
c:/program files (x86)/atmel/studio/7.0/toolchain/avr32/avr32-gnu-toolchain/bin/../lib/gcc/avr32/4.4.7/ucr3fp\libstdc++.a(eh_catch.o)
                              c:/program files (x86)/atmel/studio/7.0/toolchain/avr32/avr32-gnu-toolchain/bin/../lib/gcc/avr32/4.4.7/ucr3fp\libstdc++.a(eh_personality.o) (__cxa_end_catch)
c:/program files (x86)/atmel/studio/7.0/toolchain/avr32/avr32-gnu-toolchain/bin/../lib/gcc/avr32/4.4.7/ucr3fp\libstdc++.a(tinfo.o)
[...]
Memory Configuration

Name             Origin             Length             Attributes
FLASH            0x80000000         0x00080000         axrl !w
CPUSRAM          0x00000004         0x0000fffc         axw !rl
USERPAGE         0x80800000         0x00000200
FACTORYPAGE      0x80800200         0x00000200
FLASHVAULT_FLASH_SIZE 0x80800400         0x00000008         r
FLASHVAULT_RAM_SIZE 0x80800408         0x00000008         r
*default*        0x00000000         0xffffffff

Linker script and memory map

                0x00001000                _stack_size = 0x1000
LOAD c:/program files (x86)/atmel/studio/7.0/toolchain/avr32/avr32-gnu-toolchain/bin/../lib/gcc/avr32/4.4.7/../../../../avr32/lib/ucr3fp/crt0.o
LOAD c:/program files (x86)/atmel/studio/7.0/toolchain/avr32/avr32-gnu-toolchain/bin/../lib/gcc/avr32/4.4.7/ucr3fp/crti.o
LOAD c:/program files (x86)/atmel/studio/7.0/toolchain/avr32/avr32-gnu-toolchain/bin/../lib/gcc/avr32/4.4.7/ucr3fp/crtbegin.o
LOAD src/ASF/avr32/components/touch/at42qt1060/at42qt1060.o
LOAD src/ASF/avr32/drivers/adcifa/adcifa.o
LOAD src/ASF/avr32/drivers/flashc/flashc.o
LOAD src/ASF/avr32/drivers/pm/pm_uc3c.o
LOAD src/ASF/avr32/drivers/pm/power_clocks_lib.o
LOAD src/ASF/avr32/drivers/scif/scif_uc3c.o
LOAD src/ASF/avr32/drivers/spi/spi.o
LOAD src/ASF/avr32/drivers/tc/tc.o
LOAD src/ASF/avr32/drivers/twim/twim.o
LOAD src/ASF/avr32/drivers/usart/usart.o
LOAD src/ASF/common/components/memory/data_flash/at45dbx/_asf_v1/at45dbx.o
LOAD src/ASF/common/components/memory/data_flash/at45dbx/_asf_v1/at45dbx_mem.o
LOAD src/ASF/common/services/serial/usart_serial.o
LOAD src/ASF/common/services/clock/uc3c/osc.o
LOAD src/ASF/common/services/clock/uc3c/pll.o
LOAD src/ASF/common/services/clock/uc3c/sysclk.o
LOAD src/ASF/avr32/boards/uc3c_ek/init.o
LOAD src/ASF/avr32/boards/uc3c_ek/led.o
LOAD src/ASF/avr32/drivers/gpio/gpio.o
LOAD src/ASF/avr32/drivers/intc/exception.o
LOAD src/ASF/avr32/drivers/intc/intc.o
LOAD src/ASF/avr32/utils/startup/trampoline_uc3.o
LOAD src/ASF/common/services/storage/ctrl_access/ctrl_access.o
LOAD src/libraries/AP_Common/AP_Common.o
LOAD src/libraries/AP_GPS/AP_GPS.o
LOAD src/libraries/AP_GPS/AP_GPS_Glitch.o
LOAD src/libraries/AP_GPS/AP_GPS_MTK.o
LOAD src/libraries/AP_GPS/AP_GPS_MTK19.o
LOAD src/libraries/AP_GPS/AP_GPS_NMEA.o
LOAD src/libraries/AP_GPS/AP_GPS_SBP.o
LOAD src/libraries/AP_GPS/AP_GPS_SIRF.o
LOAD src/libraries/AP_GPS/AP_GPS_UBLOX.o
LOAD src/libraries/AP_GPS/GPS_Backend.o
LOAD src/libraries/AP_HAL/UARTDriver.o
LOAD src/libraries/AP_HAL/utility/ftoa_engine.o
LOAD src/libraries/AP_HAL/utility/Print.o
LOAD src/libraries/AP_HAL/utility/print_vprintf.o
LOAD src/libraries/AP_HAL/utility/utoa_invert.o
LOAD src/libraries/AP_HAL_Empty/AnalogIn_ADC.o
LOAD src/libraries/AP_HAL_Empty/AnalogIn_Common.o
LOAD src/libraries/AP_HAL_Empty/HAL_Empty_Class.o
LOAD src/libraries/AP_HAL_Empty/Scheduler.o
LOAD src/libraries/AP_HAL_Empty/UARTDriver.o
LOAD src/libraries/AP_Math/AP_Math.o
LOAD src/libraries/AP_Math/edc.o
LOAD src/libraries/AP_Math/location.o
LOAD src/libraries/AP_Math/matrix3.o
LOAD src/libraries/AP_Math/polygon.o
LOAD src/libraries/AP_Math/quaternion.o
LOAD src/libraries/AP_Math/vector2.o
LOAD src/libraries/AP_Math/vector3.o
LOAD src/libraries/AP_Notify/AP_BoardLED.o
LOAD src/libraries/AP_Notify/AP_Notify.o
LOAD src/libraries/AP_Notify/Buzzer.o
LOAD src/libraries/AP_Notify/ExternalLED.o
LOAD src/libraries/AP_Notify/ToneAlarm_PX4.o
LOAD src/libraries/AP_Notify/ToshibaLED.o
LOAD src/libraries/AP_Notify/ToshibaLED_I2C.o
LOAD src/libraries/AP_Notify/ToshibaLED_PX4.o
LOAD src/libraries/AP_Param/AP_Param.o
LOAD src/libraries/GPS/GPS.o
LOAD src/libraries/Motors/Motors.o
LOAD src/libraries/PID/Stable.o
LOAD src/libraries/Rangefinder/Rangefinder.o
LOAD src/libraries/StorageManager/StorageManager.o
LOAD src/main.o
START GROUP
END GROUP
LOAD c:/program files (x86)/atmel/studio/7.0/toolchain/avr32/avr32-gnu-toolchain/bin/../lib/gcc/avr32/4.4.7/ucr3fp\libstdc++.a
LOAD c:/program files (x86)/atmel/studio/7.0/toolchain/avr32/avr32-gnu-toolchain/bin/../lib/gcc/avr32/4.4.7/../../../../avr32/lib/ucr3fp\libm.a
LOAD c:/program files (x86)/atmel/studio/7.0/toolchain/avr32/avr32-gnu-toolchain/bin/../lib/gcc/avr32/4.4.7/ucr3fp\libgcc.a
LOAD c:/program files (x86)/atmel/studio/7.0/toolchain/avr32/avr32-gnu-toolchain/bin/../lib/gcc/avr32/4.4.7/../../../../avr32/lib/ucr3fp\libc.a
LOAD c:/program files (x86)/atmel/studio/7.0/toolchain/avr32/avr32-gnu-toolchain/bin/../lib/gcc/avr32/4.4.7/ucr3fp\libgcc.a
LOAD c:/program files (x86)/atmel/studio/7.0/toolchain/avr32/avr32-gnu-toolchain/bin/../lib/gcc/avr32/4.4.7/ucr3fp/crtend.o
LOAD c:/program files (x86)/atmel/studio/7.0/toolchain/avr32/avr32-gnu-toolchain/bin/../lib/gcc/avr32/4.4.7/ucr3fp/crtn.o
                0x80000000                PROVIDE (__executable_start, 0x80000000)
                0x80000000                . = 0x80000000

.interp
 *(.interp)

.reset          0x80000000        0x8
 *(.reset)
 .reset         0x80000000        0x8 c:/program files (x86)/atmel/studio/7.0/toolchain/avr32/avr32-gnu-toolchain/bin/../lib/gcc/avr32/4.4.7/../../../../avr32/lib/ucr3fp/crt0.o
                0x80000000                _start

.hash
 *(.hash)

.dynsym
 *(.dynsym)

.dynstr
 *(.dynstr)

.gnu.version
 *(.gnu.version)

.gnu.version_d
 *(.gnu.version_d)

.gnu.version_r
 *(.gnu.version_r)

.rel.init
 *(.rel.init)

.rela.init
 *(.rela.init)

.rel.text
 *(.rel.text .rel.text.* .rel.gnu.linkonce.t.*)

.rela.text
 *(.rela.text .rela.text.* .rela.gnu.linkonce.t.*)

.rel.fini
 *(.rel.fini)

.rela.fini
 *(.rela.fini)

.rel.rodata
 *(.rel.rodata .rel.rodata.* .rel.gnu.linkonce.r.*)

.rela.rodata
 *(.rela.rodata .rela.rodata.* .rela.gnu.linkonce.r.*)

.rel.data.rel.ro
 *(.rel.data.rel.ro*)

.rela.data.rel.ro
 *(.rel.data.rel.ro*)

.rel.data
 *(.rel.data .rel.data.* .rel.gnu.linkonce.d.*)

.rela.data
 *(.rela.data .rela.data.* .rela.gnu.linkonce.d.*)

.rel.tdata
 *(.rel.tdata .rel.tdata.* .rel.gnu.linkonce.td.*)

.rela.tdata
 *(.rela.tdata .rela.tdata.* .rela.gnu.linkonce.td.*)

.rel.tbss
 *(.rel.tbss .rel.tbss.* .rel.gnu.linkonce.tb.*)

.rela.tbss
 *(.rela.tbss .rela.tbss.* .rela.gnu.linkonce.tb.*)

.rel.ctors
 *(.rel.ctors)

.rela.ctors
 *(.rela.ctors)

.rel.dtors
 *(.rel.dtors)

.rela.dtors
 *(.rela.dtors)

.rel.got
 *(.rel.got)

.rela.got       0x80000008        0x0
 *(.rela.got)
 .rela.got      0x80000008        0x0 c:/program files (x86)/atmel/studio/7.0/toolchain/avr32/avr32-gnu-toolchain/bin/../lib/gcc/avr32/4.4.7/../../../../avr32/lib/ucr3fp/crt0.o

.rel.bss
 *(.rel.bss .rel.bss.* .rel.gnu.linkonce.b.*)

.rela.bss
 *(.rela.bss .rela.bss.* .rela.gnu.linkonce.b.*)

.rel.plt
 *(.rel.plt)

.rela.plt
 *(.rela.plt)

.init           0x80000008       0x1c
 *(.init)
 .init          0x80000008       0x10 c:/program files (x86)/atmel/studio/7.0/toolchain/avr32/avr32-gnu-toolchain/bin/../lib/gcc/avr32/4.4.7/ucr3fp/crti.o
                0x80000008                _init
 .init          0x80000018        0x4 c:/program files (x86)/atmel/studio/7.0/toolchain/avr32/avr32-gnu-toolchain/bin/../lib/gcc/avr32/4.4.7/ucr3fp/crtbegin.o
 .init          0x8000001c        0x4 c:/program files (x86)/atmel/studio/7.0/toolchain/avr32/avr32-gnu-toolchain/bin/../lib/gcc/avr32/4.4.7/ucr3fp/crtend.o
 .init          0x80000020        0x4 c:/program files (x86)/atmel/studio/7.0/toolchain/avr32/avr32-gnu-toolchain/bin/../lib/gcc/avr32/4.4.7/ucr3fp/crtn.o

.plt
 *(.plt)

.text           0x80000024    0x10908
 *(.text .stub .text.* .gnu.linkonce.t.*)
 .text          0x80000024       0x84 c:/program files (x86)/atmel/studio/7.0/toolchain/avr32/avr32-gnu-toolchain/bin/../lib/gcc/avr32/4.4.7/../../../../avr32/lib/ucr3fp/crt0.o
                0x80000024                _stext
 .text          0x800000a8       0x64 c:/program files (x86)/atmel/studio/7.0/toolchain/avr32/avr32-gnu-toolchain/bin/../lib/gcc/avr32/4.4.7/ucr3fp/crtbegin.o
 .text.mag_read_reg
                0x8000010c       0xb8 src/ASF/avr32/components/touch/at42qt1060/at42qt1060.o
                0x8000010c                mag_read_reg
 .text.at42qt1060_read_reg
                0x800001c4       0xb8 src/ASF/avr32/components/touch/at42qt1060/at42qt1060.o
                0x800001c4                at42qt1060_read_reg
 .text.mag_write_reg
                0x8000027c       0x3c src/ASF/avr32/components/touch/at42qt1060/at42qt1060.o
                0x8000027c                mag_write_reg
 .text.at42qt1060_write_reg
                0x800002b8       0x3c src/ASF/avr32/components/touch/at42qt1060/at42qt1060.o
                0x800002b8                at42qt1060_write_reg
 .text.adcifa_get_calibration_data
                0x800002f4       0x34 src/ASF/avr32/drivers/adcifa/adcifa.o
                0x800002f4                adcifa_get_calibration_data
 .text.adcifa_configure
                0x80000328       0xca src/ASF/avr32/drivers/adcifa/adcifa.o
                0x80000328                adcifa_configure
 *fill*         0x800003f2        0x2 d703d703
 .text.adcifa_configure_sequencer
                0x800003f4      0x368 src/ASF/avr32/drivers/adcifa/adcifa.o
                0x800003f4                adcifa_configure_sequencer
 .text.adcifa_configure_window_monitor
                0x8000075c       0x76 src/ASF/avr32/drivers/adcifa/adcifa.o
                0x8000075c                adcifa_configure_window_monitor
 .text.adcifa_start_sequencer
                0x800007d2       0x34 src/ASF/avr32/drivers/adcifa/adcifa.o
                0x800007d2                adcifa_start_sequencer
 *fill*         0x80000806        0x2 d703d703
 .text.adcifa_calibrate_offset
                0x80000808       0xa8 src/ASF/avr32/drivers/adcifa/adcifa.o
                0x80000808                adcifa_calibrate_offset
 .text.adcifa_check_eos
                0x800008b0       0x26 src/ASF/avr32/drivers/adcifa/adcifa.o
                0x800008b0                adcifa_check_eos
 *fill*         0x800008d6        0x2 d703d703
 .text.adcifa_get_values_from_sequencer
                0x800008d8       0x88 src/ASF/avr32/drivers/adcifa/adcifa.o
                0x800008d8                adcifa_get_values_from_sequencer
 .text.adcifa_start_itimer
                0x80000960        0xa src/ASF/avr32/drivers/adcifa/adcifa.o
                0x80000960                adcifa_start_itimer
 .text.flashc_set_wait_state
                0x8000096a        0xe src/ASF/avr32/drivers/flashc/flashc.o
                0x8000096a                flashc_set_wait_state
 .text.flashc_set_bus_freq
                0x80000978       0x24 src/ASF/avr32/drivers/flashc/flashc.o
                0x80000978                flashc_set_bus_freq
 .text.flashc_is_ready
                0x8000099c        0xc src/ASF/avr32/drivers/flashc/flashc.o
                0x8000099c                flashc_is_ready
 .text.flashc_default_wait_until_ready
                0x800009a8       0x10 src/ASF/avr32/drivers/flashc/flashc.o
                0x800009a8                flashc_default_wait_until_ready
 .text.flashc_issue_command
                0x800009b8       0x48 src/ASF/avr32/drivers/flashc/flashc.o
                0x800009b8                flashc_issue_command
 .text.flashc_set_flash_waitstate_and_readmode
                0x80000a00       0x5c src/ASF/avr32/drivers/flashc/flashc.o
                0x80000a00                flashc_set_flash_waitstate_and_readmode
 .text.pm_set_clk_domain_div
                0x80000a5c       0x4c src/ASF/avr32/drivers/pm/pm_uc3c.o
                0x80000a5c                pm_set_clk_domain_div
 .text.pm_set_mclk_source
                0x80000aa8       0x20 src/ASF/avr32/drivers/pm/pm_uc3c.o
                0x80000aa8                pm_set_mclk_source
 .text.pcl_configure_clocks
                0x80000ac8      0x1e4 src/ASF/avr32/drivers/pm/power_clocks_lib.o
                0x80000ac8                pcl_configure_clocks
 .text.scif_pclksr_statushigh_wait
                0x80000cac       0x1a src/ASF/avr32/drivers/scif/scif_uc3c.o
 .text.scif_wait_for_pll_locked
                0x80000cc6       0x20 src/ASF/avr32/drivers/scif/scif_uc3c.o
                0x80000cc6                scif_wait_for_pll_locked
 .text.scif_pll_enable
                0x80000ce6       0x44 src/ASF/avr32/drivers/scif/scif_uc3c.o
                0x80000ce6                scif_pll_enable
 .text.scif_pll_setup
                0x80000d2a       0x86 src/ASF/avr32/drivers/scif/scif_uc3c.o
                0x80000d2a                scif_pll_setup
 .text.scif_enable_osc
                0x80000db0       0x74 src/ASF/avr32/drivers/scif/scif_uc3c.o
                0x80000db0                scif_enable_osc
 .text.scif_configure_osc_crystalmode
                0x80000e24       0xd0 src/ASF/avr32/drivers/scif/scif_uc3c.o
                0x80000e24                scif_configure_osc_crystalmode
 .text.tc_init_waveform
                0x80000ef4       0x9c src/ASF/avr32/drivers/tc/tc.o
                0x80000ef4                tc_init_waveform
 .text.tc_start
                0x80000f90       0x12 src/ASF/avr32/drivers/tc/tc.o
                0x80000f90                tc_start
 .text.tc_write_ra
                0x80000fa2       0x34 src/ASF/avr32/drivers/tc/tc.o
                0x80000fa2                tc_write_ra
 .text.tc_write_rb
                0x80000fd6       0x34 src/ASF/avr32/drivers/tc/tc.o
                0x80000fd6                tc_write_rb
 .text.tc_write_rc
                0x8000100a       0x34 src/ASF/avr32/drivers/tc/tc.o
                0x8000100a                tc_write_rc
 *fill*         0x8000103e        0x2 d703d703
 .text.twim_master_interrupt_handler
                0x80001040       0xdc src/ASF/avr32/drivers/twim/twim.o
 .text.twim_set_speed
                0x8000111c       0x70 src/ASF/avr32/drivers/twim/twim.o
                0x8000111c                twim_set_speed
 .text.twim_status
                0x8000118c       0x10 src/ASF/avr32/drivers/twim/twim.o
                0x8000118c                twim_status
 .text.twim_disable_interrupt
                0x8000119c       0x14 src/ASF/avr32/drivers/twim/twim.o
                0x8000119c                twim_disable_interrupt
 .text.twim_write
                0x800011b0       0xb4 src/ASF/avr32/drivers/twim/twim.o
                0x800011b0                twim_write
 .text.twim_probe
                0x80001264       0x1c src/ASF/avr32/drivers/twim/twim.o
                0x80001264                twim_probe
 .text.twim_write_packet
                0x80001280       0xdc src/ASF/avr32/drivers/twim/twim.o
                0x80001280                twim_write_packet
 .text.twim_read_packet
                0x8000135c      0x110 src/ASF/avr32/drivers/twim/twim.o
                0x8000135c                twim_read_packet
 .text.twim_master_init
                0x8000146c       0xb8 src/ASF/avr32/drivers/twim/twim.o
                0x8000146c                twim_master_init
 .text.usart_set_async_baudrate
                0x80001524       0x5a src/ASF/avr32/drivers/usart/usart.o
 .text.usart_write_char
                0x8000157e       0x14 src/ASF/avr32/drivers/usart/usart.o
                0x8000157e                usart_write_char
 .text.usart_read_char
                0x80001592       0x22 src/ASF/avr32/drivers/usart/usart.o
                0x80001592                usart_read_char
 .text.usart_getchar
                0x800015b4       0x2c src/ASF/avr32/drivers/usart/usart.o
                0x800015b4                usart_getchar
 .text.usart_reset
                0x800015e0       0x2c src/ASF/avr32/drivers/usart/usart.o
                0x800015e0                usart_reset
 .text.usart_init_rs232
                0x8000160c       0xcc src/ASF/avr32/drivers/usart/usart.o
                0x8000160c                usart_init_rs232
 .text.osc_priv_enable_osc0
                0x800016d8       0x24 src/ASF/common/services/clock/uc3c/osc.o
                0x800016d8                osc_priv_enable_osc0
 .text.sysclk_set_source
                0x800016fc       0x20 src/ASF/common/services/clock/uc3c/sysclk.o
                0x800016fc                sysclk_set_source
 .text.sysclk_priv_enable_module
                0x8000171c       0x3a src/ASF/common/services/clock/uc3c/sysclk.o
                0x8000171c                sysclk_priv_enable_module
 *fill*         0x80001756        0x2 d703d703
 .text.sysclk_init
                0x80001758       0x34 src/ASF/common/services/clock/uc3c/sysclk.o
                0x80001758                sysclk_init
 .text.board_init
                0x8000178c       0x6c src/ASF/avr32/boards/uc3c_ek/init.o
                0x8000178c                board_init
 .text.gpio_enable_module_pin
                0x800017f8       0x94 src/ASF/avr32/drivers/gpio/gpio.o
                0x800017f8                gpio_enable_module_pin
 .text.gpio_enable_module
                0x8000188c       0x30 src/ASF/avr32/drivers/gpio/gpio.o
                0x8000188c                gpio_enable_module
 .text.gpio_configure_pin
                0x800018bc      0x130 src/ASF/avr32/drivers/gpio/gpio.o
                0x800018bc                gpio_configure_pin
 .text._unhandled_interrupt
                0x800019ec        0x2 src/ASF/avr32/drivers/intc/intc.o
 *fill*         0x800019ee        0x2 d703d703
 .text.INTC_register_interrupt
                0x800019f0       0x80 src/ASF/avr32/drivers/intc/intc.o
                0x800019f0                INTC_register_interrupt
 .text.INTC_init_interrupts
                0x80001a70       0x54 src/ASF/avr32/drivers/intc/intc.o
                0x80001a70                INTC_init_interrupts
 .text._get_interrupt_handler
                0x80001ac4       0x38 src/ASF/avr32/drivers/intc/intc.o
                0x80001ac4                _get_interrupt_handler
 .text._ZN6AP_HAL10UARTDriver16set_flow_controlENS0_12flow_controlE
                0x80001afc        0x2 src/libraries/AP_HAL/UARTDriver.o
                0x80001afc                AP_HAL::UARTDriver::set_flow_control(AP_HAL::UARTDriver::flow_control)
 .text._ZN6AP_HAL10UARTDriver7print_PEPKc
                0x80001afe       0x24 src/libraries/AP_HAL/UARTDriver.o
                0x80001afe                AP_HAL::UARTDriver::print_P(char const*)
 *fill*         0x80001b22        0x2 d703d703
 .text._ZN6AP_HAL10UARTDriver9vprintf_PEPKcPv
                0x80001b24       0x14 src/libraries/AP_HAL/UARTDriver.o
                0x80001b24                AP_HAL::UARTDriver::vprintf_P(char const*, void*)
 .text._ZN6AP_HAL10UARTDriver7vprintfEPKcPv
                0x80001b38       0x14 src/libraries/AP_HAL/UARTDriver.o
                0x80001b38                AP_HAL::UARTDriver::vprintf(char const*, void*)
 .text._ZN6AP_HAL10UARTDriver9_printf_PEPKcz
                0x80001b4c        0xe src/libraries/AP_HAL/UARTDriver.o
                0x80001b4c                AP_HAL::UARTDriver::_printf_P(char const*, ...)
 .text._ZN6AP_HAL10UARTDriver6printfEPKcz
                0x80001b5a        0xe src/libraries/AP_HAL/UARTDriver.o
                0x80001b5a                AP_HAL::UARTDriver::printf(char const*, ...)
 .text._ZN6AP_HAL10UARTDriver9println_PEPKc
                0x80001b68       0x1c src/libraries/AP_HAL/UARTDriver.o
                0x80001b68                AP_HAL::UARTDriver::println_P(char const*)
 .text          0x80001b84       0xa0 src/libraries/AP_HAL/utility/ftoa_engine.o
 .text._Z11ftoa_enginefPchh
                0x80001c24      0x23c src/libraries/AP_HAL/utility/ftoa_engine.o
                0x80001c24                ftoa_engine(float, char*, unsigned char, unsigned char)
 .text._ZN6AP_HAL5Print5printEc
                0x80001e60        0xa src/libraries/AP_HAL/utility/Print.o
                0x80001e60                AP_HAL::Print::print(char)
 *fill*         0x80001e6a        0x2 d703d703
 .text._ZN6AP_HAL5Print7printlnEv
                0x80001e6c       0x20 src/libraries/AP_HAL/utility/Print.o
                0x80001e6c                AP_HAL::Print::println()
 .text._ZN6AP_HAL5Print11printNumberEmh
                0x80001e8c       0x64 src/libraries/AP_HAL/utility/Print.o
                0x80001e8c                AP_HAL::Print::printNumber(unsigned long, unsigned char)
 .text._ZN6AP_HAL5Print5printEmi
                0x80001ef0       0x1c src/libraries/AP_HAL/utility/Print.o
                0x80001ef0                AP_HAL::Print::print(unsigned long, int)
 .text._ZN6AP_HAL5Print5printEli
                0x80001f0c       0x58 src/libraries/AP_HAL/utility/Print.o
                0x80001f0c                AP_HAL::Print::print(long, int)
 .text._ZN6AP_HAL5Print5printEii
                0x80001f64        0xc src/libraries/AP_HAL/utility/Print.o
                0x80001f64                AP_HAL::Print::print(int, int)
 .text._ZN6AP_HAL5Print5printEPKc
                0x80001f70       0x24 src/libraries/AP_HAL/utility/Print.o
                0x80001f70                AP_HAL::Print::print(char const*)
 .text._ZN6AP_HAL5Print10printFloatEfh
                0x80001f94       0xd0 src/libraries/AP_HAL/utility/Print.o
                0x80001f94                AP_HAL::Print::printFloat(float, unsigned char)
 .text._ZN6AP_HAL5Print5printEfi
                0x80002064       0x10 src/libraries/AP_HAL/utility/Print.o
                0x80002064                AP_HAL::Print::print(float, int)
 .text._ZN6AP_HAL5Print7printlnEfi
                0x80002074       0x20 src/libraries/AP_HAL/utility/Print.o
                0x80002074                AP_HAL::Print::println(float, int)
 .text._ZN6AP_HAL5Print7printlnEPKc
                0x80002094       0x20 src/libraries/AP_HAL/utility/Print.o
                0x80002094                AP_HAL::Print::println(char const*)
 .text._Z13print_vprintfPN6AP_HAL5PrintEhPKcPv
                0x800020b4      0x8dc src/libraries/AP_HAL/utility/print_vprintf.o
                0x800020b4                print_vprintf(AP_HAL::Print*, unsigned char, char const*, void*)
 .text._Z12ultoa_invertmPch
                0x80002990       0xe8 src/libraries/AP_HAL/utility/utoa_invert.o
                0x80002990                ultoa_invert(unsigned long, char*, unsigned char)
 .text._ZN5Empty17EmptyAnalogSource11read_latestEv
                0x80002a78       0x2e src/libraries/AP_HAL_Empty/AnalogIn_ADC.o
                0x80002a78                Empty::EmptyAnalogSource::read_latest()
 *fill*         0x80002aa6        0x2 d703d703
 .text._ZN5Empty17EmptyAnalogSource15voltage_averageEv
                0x80002aa8       0x5c src/libraries/AP_HAL_Empty/AnalogIn_ADC.o
                0x80002aa8                Empty::EmptyAnalogSource::voltage_average()
 .text._ZN5Empty17EmptyAnalogSource14voltage_latestEv
                0x80002b04       0x80 src/libraries/AP_HAL_Empty/AnalogIn_ADC.o
                0x80002b04                Empty::EmptyAnalogSource::voltage_latest()
 .text._ZN5Empty17EmptyAnalogSource27voltage_average_ratiometricEv
                0x80002b84       0x16 src/libraries/AP_HAL_Empty/AnalogIn_ADC.o
                0x80002b84                Empty::EmptyAnalogSource::voltage_average_ratiometric()
 .text._ZN5Empty17EmptyAnalogSource7set_pinEh
                0x80002b9a       0x1c src/libraries/AP_HAL_Empty/AnalogIn_ADC.o
                0x80002b9a                Empty::EmptyAnalogSource::set_pin(unsigned char)
 *fill*         0x80002bb6        0x2 d703d703
 .text._ZN5Empty17EmptyAnalogSourceC1Eh
                0x80002bb8       0x30 src/libraries/AP_HAL_Empty/AnalogIn_ADC.o
                0x80002bb8                Empty::EmptyAnalogSource::EmptyAnalogSource(unsigned char)
 .text._ZN5Empty17EmptyAnalogSource12set_stop_pinEh
                0x80002be8        0x6 src/libraries/AP_HAL_Empty/AnalogIn_ADC.o
                0x80002be8                Empty::EmptyAnalogSource::set_stop_pin(unsigned char)
 .text._ZN5Empty17EmptyAnalogSource15set_settle_timeEt
                0x80002bee        0x6 src/libraries/AP_HAL_Empty/AnalogIn_ADC.o
                0x80002bee                Empty::EmptyAnalogSource::set_settle_time(unsigned short)
 .text._ZN5Empty17EmptyAnalogSource13_read_averageEv
                0x80002bf4       0x34 src/libraries/AP_HAL_Empty/AnalogIn_ADC.o
                0x80002bf4                Empty::EmptyAnalogSource::_read_average()
 .text._ZN5Empty17EmptyAnalogSource12read_averageEv
                0x80002c28       0x34 src/libraries/AP_HAL_Empty/AnalogIn_ADC.o
                0x80002c28                Empty::EmptyAnalogSource::read_average()
 .text._ZN5Empty17EmptyAnalogSource9stop_readEv
                0x80002c5c        0x2 src/libraries/AP_HAL_Empty/AnalogIn_ADC.o
                0x80002c5c                Empty::EmptyAnalogSource::stop_read()
 .text._ZN5Empty17EmptyAnalogSource10new_sampleEs
                0x80002c5e       0x2c src/libraries/AP_HAL_Empty/AnalogIn_ADC.o
                0x80002c5e                Empty::EmptyAnalogSource::new_sample(short)
 .text          0x80002c8a       0x2a src/libraries/AP_HAL_Empty/AnalogIn_Common.o
 .text._ZN6AP_HAL8AnalogIn17servorail_voltageEv
                0x80002cb4        0x2 src/libraries/AP_HAL_Empty/AnalogIn_Common.o
                0x80002cb4                AP_HAL::AnalogIn::servorail_voltage()
 .text._ZN6AP_HAL8AnalogIn18power_status_flagsEv
                0x80002cb6        0x2 src/libraries/AP_HAL_Empty/AnalogIn_Common.o
                0x80002cb6                AP_HAL::AnalogIn::power_status_flags()
 .text._ZN5Empty11AVRAnalogIn12getADCValuesEiP22adcifa_sequencer_opt_tS2_
                0x80002cb8       0x50 src/libraries/AP_HAL_Empty/AnalogIn_Common.o
                0x80002cb8                Empty::AVRAnalogIn::getADCValues(int, adcifa_sequencer_opt_t*, adcifa_sequencer_opt_t*)
 .text._ZN5Empty11AVRAnalogIn13board_voltageEv
                0x80002d08       0x10 src/libraries/AP_HAL_Empty/AnalogIn_Common.o
                0x80002d08                Empty::AVRAnalogIn::board_voltage()
 .text._ZN5Empty11AVRAnalogIn12_timer_eventEv
                0x80002d18       0x80 src/libraries/AP_HAL_Empty/AnalogIn_Common.o
                0x80002d18                Empty::AVRAnalogIn::_timer_event()
 .text._ZN5Empty11AVRAnalogIn17_register_channelEPNS_17EmptyAnalogSourceE
                0x80002d98       0x7c src/libraries/AP_HAL_Empty/AnalogIn_Common.o
                0x80002d98                Empty::AVRAnalogIn::_register_channel(Empty::EmptyAnalogSource*)
 .text._ZN5Empty11AVRAnalogInC1Ev
                0x80002e14       0x1c src/libraries/AP_HAL_Empty/AnalogIn_Common.o
                0x80002e14                Empty::AVRAnalogIn::AVRAnalogIn()
 .text._ZN5Empty11AVRAnalogIn15_create_channelEs
                0x80002e30       0x9c src/libraries/AP_HAL_Empty/AnalogIn_Common.o
                0x80002e30                Empty::AVRAnalogIn::_create_channel(short)
 .text._ZN5Empty11AVRAnalogIn7channelEs
                0x80002ecc       0x1c src/libraries/AP_HAL_Empty/AnalogIn_Common.o
                0x80002ecc                Empty::AVRAnalogIn::channel(short)
 .text._ZN5Empty11AVRAnalogIn4initEv
                0x80002ee8      0x20c src/libraries/AP_HAL_Empty/AnalogIn_Common.o
                0x80002ee8                Empty::AVRAnalogIn::init()
 .text._ZN5Empty9HAL_EmptyC1Ev
                0x800030f4       0x2c src/libraries/AP_HAL_Empty/HAL_Empty_Class.o
                0x800030f4                Empty::HAL_Empty::HAL_Empty()
 .text._ZNK5Empty9HAL_Empty4initEiPKPc
                0x80003120       0x2c src/libraries/AP_HAL_Empty/HAL_Empty_Class.o
                0x80003120                Empty::HAL_Empty::init(int, char* const*) const
 .text._GLOBAL__I__ZN5Empty9HAL_EmptyC2Ev
                0x8000314c       0x4c src/libraries/AP_HAL_Empty/HAL_Empty_Class.o
 .text._ZN6AP_HAL9Scheduler15set_timer_speedEt
                0x80003198        0x2 src/libraries/AP_HAL_Empty/Scheduler.o
                0x80003198                AP_HAL::Scheduler::set_timer_speed(unsigned short)
 .text._ZN6AP_HAL9Scheduler10stop_clockEy
                0x8000319a        0x2 src/libraries/AP_HAL_Empty/Scheduler.o
                0x8000319a                AP_HAL::Scheduler::stop_clock(unsigned long long)
 .text._ZN5Empty14EmptySchedulerC1Ev
                0x8000319c        0xc src/libraries/AP_HAL_Empty/Scheduler.o
                0x8000319c                Empty::EmptyScheduler::EmptyScheduler()
 .text._ZN5Empty14EmptyScheduler8millis64Ev
                0x800031a8        0x8 src/libraries/AP_HAL_Empty/Scheduler.o
                0x800031a8                Empty::EmptyScheduler::millis64()
 .text._ZN5Empty14EmptyScheduler8micros64Ev
                0x800031b0        0x8 src/libraries/AP_HAL_Empty/Scheduler.o
                0x800031b0                Empty::EmptyScheduler::micros64()
 .text._ZN5Empty14EmptyScheduler6millisEv
                0x800031b8       0x10 src/libraries/AP_HAL_Empty/Scheduler.o
                0x800031b8                Empty::EmptyScheduler::millis()
 .text._ZN5Empty14EmptyScheduler6microsEv
                0x800031c8       0x10 src/libraries/AP_HAL_Empty/Scheduler.o
                0x800031c8                Empty::EmptyScheduler::micros()
 .text._ZN5Empty14EmptyScheduler18delay_microsecondsEt
                0x800031d8        0x2 src/libraries/AP_HAL_Empty/Scheduler.o
                0x800031d8                Empty::EmptyScheduler::delay_microseconds(unsigned short)
 .text._ZN5Empty14EmptyScheduler23register_delay_callbackEPFvvEt
                0x800031da        0x2 src/libraries/AP_HAL_Empty/Scheduler.o
                0x800031da                Empty::EmptyScheduler::register_delay_callback(void (*)(), unsigned short)
 .text._ZN5Empty14EmptyScheduler23register_timer_failsafeEPFvvEm
                0x800031dc        0x2 src/libraries/AP_HAL_Empty/Scheduler.o
                0x800031dc                Empty::EmptyScheduler::register_timer_failsafe(void (*)(), unsigned long)
 .text._ZN5Empty14EmptyScheduler19suspend_timer_procsEv
                0x800031de        0x2 src/libraries/AP_HAL_Empty/Scheduler.o
                0x800031de                Empty::EmptyScheduler::suspend_timer_procs()
 .text._ZN5Empty14EmptyScheduler18resume_timer_procsEv
                0x800031e0        0x2 src/libraries/AP_HAL_Empty/Scheduler.o
                0x800031e0                Empty::EmptyScheduler::resume_timer_procs()
 .text._ZN5Empty14EmptyScheduler15in_timerprocessEv
                0x800031e2        0x2 src/libraries/AP_HAL_Empty/Scheduler.o
                0x800031e2                Empty::EmptyScheduler::in_timerprocess()
 .text._ZN5Empty14EmptyScheduler19system_initializingEv
                0x800031e4        0x2 src/libraries/AP_HAL_Empty/Scheduler.o
                0x800031e4                Empty::EmptyScheduler::system_initializing()
 .text._ZN5Empty14EmptyScheduler18system_initializedEv
                0x800031e6        0x2 src/libraries/AP_HAL_Empty/Scheduler.o
                0x800031e6                Empty::EmptyScheduler::system_initialized()
 .text._ZN5Empty14EmptyScheduler6rebootEb
                0x800031e8        0x2 src/libraries/AP_HAL_Empty/Scheduler.o
                0x800031e8                Empty::EmptyScheduler::reboot(bool)
 *fill*         0x800031ea        0x2 d703d703
 .text._ZN5Empty14EmptyScheduler5delayEt
                0x800031ec       0x5c src/libraries/AP_HAL_Empty/Scheduler.o
                0x800031ec                Empty::EmptyScheduler::delay(unsigned short)
 .text._ZN5Empty14EmptyScheduler4initEPv
                0x80003248        0xc src/libraries/AP_HAL_Empty/Scheduler.o
                0x80003248                Empty::EmptyScheduler::init(void*)
 .text._ZN5Empty15EmptyUARTDriver16get_flow_controlEv
                0x80003254        0x4 src/libraries/AP_HAL_Empty/UARTDriver.o
                0x80003254                Empty::EmptyUARTDriver::get_flow_control()
 .text._ZN5Empty15EmptyUARTDriverC1EPV13avr32_usart_t
                0x80003258       0x18 src/libraries/AP_HAL_Empty/UARTDriver.o
                0x80003258                Empty::EmptyUARTDriver::EmptyUARTDriver(avr32_usart_t volatile*)
 .text._ZN5Empty15EmptyUARTDriver5beginEm
                0x80003270        0xe src/libraries/AP_HAL_Empty/UARTDriver.o
                0x80003270                Empty::EmptyUARTDriver::begin(unsigned long)
 .text._ZN5Empty15EmptyUARTDriver3endEv
                0x8000327e        0x2 src/libraries/AP_HAL_Empty/UARTDriver.o
                0x8000327e                Empty::EmptyUARTDriver::end()
 .text._ZN5Empty15EmptyUARTDriver5flushEv
                0x80003280        0x2 src/libraries/AP_HAL_Empty/UARTDriver.o
                0x80003280                Empty::EmptyUARTDriver::flush()
 .text._ZN5Empty15EmptyUARTDriver14is_initializedEv
                0x80003282        0x2 src/libraries/AP_HAL_Empty/UARTDriver.o
                0x80003282                Empty::EmptyUARTDriver::is_initialized()
 .text._ZN5Empty15EmptyUARTDriver19set_blocking_writesEb
                0x80003284        0x2 src/libraries/AP_HAL_Empty/UARTDriver.o
                0x80003284                Empty::EmptyUARTDriver::set_blocking_writes(bool)
 .text._ZN5Empty15EmptyUARTDriver10tx_pendingEv
                0x80003286        0x2 src/libraries/AP_HAL_Empty/UARTDriver.o
                0x80003286                Empty::EmptyUARTDriver::tx_pending()
 .text._ZN5Empty15EmptyUARTDriver9availableEv
                0x80003288        0x2 src/libraries/AP_HAL_Empty/UARTDriver.o
                0x80003288                Empty::EmptyUARTDriver::available()
 .text._ZN5Empty15EmptyUARTDriver7txspaceEv
                0x8000328a        0x2 src/libraries/AP_HAL_Empty/UARTDriver.o
                0x8000328a                Empty::EmptyUARTDriver::txspace()
 .text._ZN5Empty15EmptyUARTDriver5writeEPKhm
                0x8000328c       0x30 src/libraries/AP_HAL_Empty/UARTDriver.o
                0x8000328c                Empty::EmptyUARTDriver::write(unsigned char const*, unsigned long)
 .text._ZN5Empty15EmptyUARTDriver5writeEh
                0x800032bc       0x1c src/libraries/AP_HAL_Empty/UARTDriver.o
                0x800032bc                Empty::EmptyUARTDriver::write(unsigned char)
 .text._ZN5Empty15EmptyUARTDriver4readEv
                0x800032d8       0x10 src/libraries/AP_HAL_Empty/UARTDriver.o
                0x800032d8                Empty::EmptyUARTDriver::read()
 .text.sysclk_enable_pba_module
                0x800032e8       0x10 src/libraries/AP_HAL_Empty/UARTDriver.o
 .text._ZN5Empty15EmptyUARTDriver5beginEmtt
                0x800032f8      0x544 src/libraries/AP_HAL_Empty/UARTDriver.o
                0x800032f8                Empty::EmptyUARTDriver::begin(unsigned long, unsigned short, unsigned short)
 .text._GLOBAL__I__ZN8AP_Param9_num_varsE
                0x8000383c       0x18 src/libraries/AP_Param/AP_Param.o
 .text._ZN6Motors13motor3_updateEifff
                0x80003854       0xf0 src/libraries/Motors/Motors.o
                0x80003854                Motors::motor3_update(int, float, float, float)
 .text._ZN6Motors11kill_motorsEv
                0x80003944       0x60 src/libraries/Motors/Motors.o
                0x80003944                Motors::kill_motors()
 .text._ZN6Motors13motor1_updateEifff
                0x800039a4       0xf0 src/libraries/Motors/Motors.o
                0x800039a4                Motors::motor1_update(int, float, float, float)
 .text._ZN6Motors11motors_initEv
                0x80003a94      0x184 src/libraries/Motors/Motors.o
                0x80003a94                Motors::motors_init()
 .text          0x80003c18       0x40 src/libraries/StorageManager/StorageManager.o
                0x80003c18                StorageManager::layout_default
                0x80003c38                StorageManager::layout_copter
 .text._ZN13StorageAccessC1EN14StorageManager11StorageTypeE
                0x80003c58       0x34 src/libraries/StorageManager/StorageManager.o
                0x80003c58                StorageAccess::StorageAccess(StorageManager::StorageType)
 .text          0x80003c8c       0x14 src/main.o
                0x80003c9c                hal
 .text._Z16Pitch_Controllerfffffff
                0x80003ca0       0x60 src/main.o
                0x80003ca0                Pitch_Controller(float, float, float, float, float, float, float)
 .text._GLOBAL__I_MX_MAX
                0x80003d00       0x10 src/main.o
 .text.sysclk_enable_pba_module
                0x80003d10       0x10 src/main.o
 .text._ZN7MPU91506updateEv
                0x80003d20      0x6a0 src/main.o
                0x80003d20                MPU9150::update()
 .text.main     0x800043c0      0x714 src/main.o
                0x800043c0                main
 .text._ZdlPv   0x80004ad4       0x10 c:/program files (x86)/atmel/studio/7.0/toolchain/avr32/avr32-gnu-toolchain/bin/../lib/gcc/avr32/4.4.7/ucr3fp\libstdc++.a(del_op.o)
                0x80004ad4                operator delete(void*)
 .text._Znwm    0x80004ae4       0xcc c:/program files (x86)/atmel/studio/7.0/toolchain/avr32/avr32-gnu-toolchain/bin/../lib/gcc/avr32/4.4.7/ucr3fp\libstdc++.a(new_op.o)
                0x80004ae4                operator new(unsigned long)
 .text._ZNKSt9bad_alloc4whatEv
                0x80004bb0        0x8 c:/program files (x86)/atmel/studio/7.0/toolchain/avr32/avr32-gnu-toolchain/bin/../lib/gcc/avr32/4.4.7/ucr3fp\libstdc++.a(new_handler.o)
                0x80004bb0                std::bad_alloc::what() const
 .text._ZNSt9bad_allocD1Ev
                0x80004bb8       0x18 c:/program files (x86)/atmel/studio/7.0/toolchain/avr32/avr32-gnu-toolchain/bin/../lib/gcc/avr32/4.4.7/ucr3fp\libstdc++.a(new_handler.o)
                0x80004bb8                std::bad_alloc::~bad_alloc()
 .text._ZNSt9bad_allocD0Ev
                0x80004bd0       0x28 c:/program files (x86)/atmel/studio/7.0/toolchain/avr32/avr32-gnu-toolchain/bin/../lib/gcc/avr32/4.4.7/ucr3fp\libstdc++.a(new_handler.o)
                0x80004bd0                std::bad_alloc::~bad_alloc()
 .text._ZNK10__cxxabiv117__class_type_info10__do_catchEPKSt9type_infoPPvj
                0x80004bf8       0x22 c:/program files (x86)/atmel/studio/7.0/toolchain/avr32/avr32-gnu-toolchain/bin/../lib/gcc/avr32/4.4.7/ucr3fp\libstdc++.a(class_type_info.o)
                0x80004bf8                __cxxabiv1::__class_type_info::__do_catch(std::type_info const*, void**, unsigned int) const
 .text._ZNK10__cxxabiv117__class_type_info11__do_upcastEPKS0_PPv
                0x80004c1a       0x3c c:/program files (x86)/atmel/studio/7.0/toolchain/avr32/avr32-gnu-toolchain/bin/../lib/gcc/avr32/4.4.7/ucr3fp\libstdc++.a(class_type_info.o)
                0x80004c1a                __cxxabiv1::__class_type_info::__do_upcast(__cxxabiv1::__class_type_info const*, void**) const
 .text._ZNK10__cxxabiv117__class_type_info20__do_find_public_srcElPKvPKS0_S2_
                0x80004c56        0xc c:/program files (x86)/atmel/studio/7.0/toolchain/avr32/avr32-gnu-toolchain/bin/../lib/gcc/avr32/4.4.7/ucr3fp\libstdc++.a(class_type_info.o)
                0x80004c56                __cxxabiv1::__class_type_info::__do_find_public_src(long, void const*, __cxxabiv1::__class_type_info const*, void const*) const
 .text._ZNK10__cxxabiv117__class_type_info12__do_dyncastElNS0_10__sub_kindEPKS0_PKvS3_S5_RNS0_16__dyncast_resultE
                0x80004c62       0x38 c:/program files (x86)/atmel/studio/7.0/toolchain/avr32/avr32-gnu-toolchain/bin/../lib/gcc/avr32/4.4.7/ucr3fp\libstdc++.a(class_type_info.o)
                0x80004c62                __cxxabiv1::__class_type_info::__do_dyncast(long, __cxxabiv1::__class_type_info::__sub_kind, __cxxabiv1::__class_type_info const*, void const*, __cxxabiv1::__class_type_info const*, void const*, __cxxabiv1::__class_type_info::__dyncast_result&) const
 .text._ZNK10__cxxabiv117__class_type_info11__do_upcastEPKS0_PKvRNS0_15__upcast_resultE
                0x80004c9a       0x24 c:/program files (x86)/atmel/studio/7.0/toolchain/avr32/avr32-gnu-toolchain/bin/../lib/gcc/avr32/4.4.7/ucr3fp\libstdc++.a(class_type_info.o)
                0x80004c9a                __cxxabiv1::__class_type_info::__do_upcast(__cxxabiv1::__class_type_info const*, void const*, __cxxabiv1::__class_type_info::__upcast_result&) const
 *fill*         0x80004cbe        0x2 d703d703
 .text._ZN10__cxxabiv117__class_type_infoD1Ev
                0x80004cc0       0x18 c:/program files (x86)/atmel/studio/7.0/toolchain/avr32/avr32-gnu-toolchain/bin/../lib/gcc/avr32/4.4.7/ucr3fp\libstdc++.a(class_type_info.o)
                0x80004cc0                __cxxabiv1::__class_type_info::~__class_type_info()
 .text._ZN10__cxxabiv117__class_type_infoD2Ev
                0x80004cd8       0x18 c:/program files (x86)/atmel/studio/7.0/toolchain/avr32/avr32-gnu-toolchain/bin/../lib/gcc/avr32/4.4.7/ucr3fp\libstdc++.a(class_type_info.o)
                0x80004cd8                __cxxabiv1::__class_type_info::~__class_type_info()
 .text._ZN10__cxxabiv117__class_type_infoD0Ev
                0x80004cf0       0x28 c:/program files (x86)/atmel/studio/7.0/toolchain/avr32/avr32-gnu-toolchain/bin/../lib/gcc/avr32/4.4.7/ucr3fp\libstdc++.a(class_type_info.o)
                0x80004cf0                __cxxabiv1::__class_type_info::~__class_type_info()
 .text._GLOBAL__I___cxa_allocate_exception
                0x80004d18        0x2 c:/program files (x86)/atmel/studio/7.0/toolchain/avr32/avr32-gnu-toolchain/bin/../lib/gcc/avr32/4.4.7/ucr3fp\libstdc++.a(eh_alloc.o)
 *fill*         0x80004d1a        0x2 d703d703
 .text.__cxa_free_exception
                0x80004d1c       0x40 c:/program files (x86)/atmel/studio/7.0/toolchain/avr32/avr32-gnu-toolchain/bin/../lib/gcc/avr32/4.4.7/ucr3fp\libstdc++.a(eh_alloc.o)
                0x80004d1c                __cxa_free_exception
 .text.__cxa_allocate_exception
                0x80004d5c      0x108 c:/program files (x86)/atmel/studio/7.0/toolchain/avr32/avr32-gnu-toolchain/bin/../lib/gcc/avr32/4.4.7/ucr3fp\libstdc++.a(eh_alloc.o)
                0x80004d5c                __cxa_allocate_exception
 .text._ZNK10__cxxabiv120__si_class_type_info20__do_find_public_srcElPKvPKNS_17__class_type_infoES2_
                0x80004e64       0x24 c:/program files (x86)/atmel/studio/7.0/toolchain/avr32/avr32-gnu-toolchain/bin/../lib/gcc/avr32/4.4.7/ucr3fp\libstdc++.a(si_class_type_info.o)
                0x80004e64                __cxxabiv1::__si_class_type_info::__do_find_public_src(long, void const*, __cxxabiv1::__class_type_info const*, void const*) const
 .text._ZNK10__cxxabiv120__si_class_type_info12__do_dyncastElNS_17__class_type_info10__sub_kindEPKS1_PKvS4_S6_RNS1_16__dyncast_resultE
                0x80004e88       0x5e c:/program files (x86)/atmel/studio/7.0/toolchain/avr32/avr32-gnu-toolchain/bin/../lib/gcc/avr32/4.4.7/ucr3fp\libstdc++.a(si_class_type_info.o)
                0x80004e88                __cxxabiv1::__si_class_type_info::__do_dyncast(long, __cxxabiv1::__class_type_info::__sub_kind, __cxxabiv1::__class_type_info const*, void const*, __cxxabiv1::__class_type_info const*, void const*, __cxxabiv1::__class_type_info::__dyncast_result&) const
 *fill*         0x80004ee6        0x2 d703d703
 .text._ZNK10__cxxabiv120__si_class_type_info11__do_upcastEPKNS_17__class_type_infoEPKvRNS1_15__upcast_resultE
                0x80004ee8       0x28 c:/program files (x86)/atmel/studio/7.0/toolchain/avr32/avr32-gnu-toolchain/bin/../lib/gcc/avr32/4.4.7/ucr3fp\libstdc++.a(si_class_type_info.o)
                0x80004ee8                __cxxabiv1::__si_class_type_info::__do_upcast(__cxxabiv1::__class_type_info const*, void const*, __cxxabiv1::__class_type_info::__upcast_result&) const
 .text._ZN10__cxxabiv120__si_class_type_infoD1Ev
                0x80004f10       0x18 c:/program files (x86)/atmel/studio/7.0/toolchain/avr32/avr32-gnu-toolchain/bin/../lib/gcc/avr32/4.4.7/ucr3fp\libstdc++.a(si_class_type_info.o)
                0x80004f10                __cxxabiv1::__si_class_type_info::~__si_class_type_info()
 .text._ZN10__cxxabiv120__si_class_type_infoD0Ev
                0x80004f28       0x28 c:/program files (x86)/atmel/studio/7.0/toolchain/avr32/avr32-gnu-toolchain/bin/../lib/gcc/avr32/4.4.7/ucr3fp\libstdc++.a(si_class_type_info.o)
                0x80004f28                __cxxabiv1::__si_class_type_info::~__si_class_type_info()
 .text.__cxa_rethrow
                0x80004f50       0x6c c:/program files (x86)/atmel/studio/7.0/toolchain/avr32/avr32-gnu-toolchain/bin/../lib/gcc/avr32/4.4.7/ucr3fp\libstdc++.a(eh_throw.o)
                0x80004f50                __cxa_rethrow
 .text.__cxa_throw
                0x80004fbc       0x60 c:/program files (x86)/atmel/studio/7.0/toolchain/avr32/avr32-gnu-toolchain/bin/../lib/gcc/avr32/4.4.7/ucr3fp\libstdc++.a(eh_throw.o)
                0x80004fbc                __cxa_throw
 .text._ZL23__gxx_exception_cleanup19_Unwind_Reason_CodeP17_Unwind_Exception
                0x8000501c       0x4c c:/program files (x86)/atmel/studio/7.0/toolchain/avr32/avr32-gnu-toolchain/bin/../lib/gcc/avr32/4.4.7/ucr3fp\libstdc++.a(eh_throw.o)
 .text._ZL16get_adjusted_ptrPKSt9type_infoS1_PPv
                0x80005068       0x46 c:/program files (x86)/atmel/studio/7.0/toolchain/avr32/avr32-gnu-toolchain/bin/../lib/gcc/avr32/4.4.7/ucr3fp\libstdc++.a(eh_personality.o)
 *fill*         0x800050ae        0x2 d703d703
 .text._ZL21base_of_encoded_valuehP15_Unwind_Context
                0x800050b0       0x64 c:/program files (x86)/atmel/studio/7.0/toolchain/avr32/avr32-gnu-toolchain/bin/../lib/gcc/avr32/4.4.7/ucr3fp\libstdc++.a(eh_personality.o)
 .text._ZL28read_encoded_value_with_basehjPKhPj
                0x80005114       0xf8 c:/program files (x86)/atmel/studio/7.0/toolchain/avr32/avr32-gnu-toolchain/bin/../lib/gcc/avr32/4.4.7/ucr3fp\libstdc++.a(eh_personality.o)
 .text._ZL17parse_lsda_headerP15_Unwind_ContextPKhP16lsda_header_info
                0x8000520c       0xb0 c:/program files (x86)/atmel/studio/7.0/toolchain/avr32/avr32-gnu-toolchain/bin/../lib/gcc/avr32/4.4.7/ucr3fp\libstdc++.a(eh_personality.o)
 .text._ZL15get_ttype_entryP16lsda_header_infom
                0x800052bc       0x64 c:/program files (x86)/atmel/studio/7.0/toolchain/avr32/avr32-gnu-toolchain/bin/../lib/gcc/avr32/4.4.7/ucr3fp\libstdc++.a(eh_personality.o)
 .text._ZL20check_exception_specP16lsda_header_infoPKSt9type_infoPvl
                0x80005320       0x64 c:/program files (x86)/atmel/studio/7.0/toolchain/avr32/avr32-gnu-toolchain/bin/../lib/gcc/avr32/4.4.7/ucr3fp\libstdc++.a(eh_personality.o)
 .text.__cxa_call_unexpected
                0x80005384      0x140 c:/program files (x86)/atmel/studio/7.0/toolchain/avr32/avr32-gnu-toolchain/bin/../lib/gcc/avr32/4.4.7/ucr3fp\libstdc++.a(eh_personality.o)
                0x80005384                __cxa_call_unexpected
 .text.__gxx_personality_sj0
                0x800054c4      0x40c c:/program files (x86)/atmel/studio/7.0/toolchain/avr32/avr32-gnu-toolchain/bin/../lib/gcc/avr32/4.4.7/ucr3fp\libstdc++.a(eh_personality.o)
                0x800054c4                __gxx_personality_sj0
 .text._ZNSt9exceptionD2Ev
                0x800058d0        0xc c:/program files (x86)/atmel/studio/7.0/toolchain/avr32/avr32-gnu-toolchain/bin/../lib/gcc/avr32/4.4.7/ucr3fp\libstdc++.a(eh_exception.o)
                0x800058d0                std::exception::~exception()
 .text._ZNSt9exceptionD1Ev
                0x800058dc        0xc c:/program files (x86)/atmel/studio/7.0/toolchain/avr32/avr32-gnu-toolchain/bin/../lib/gcc/avr32/4.4.7/ucr3fp\libstdc++.a(eh_exception.o)
                0x800058dc                std::exception::~exception()
 .text._ZNSt13bad_exceptionD1Ev
                0x800058e8        0xc c:/program files (x86)/atmel/studio/7.0/toolchain/avr32/avr32-gnu-toolchain/bin/../lib/gcc/avr32/4.4.7/ucr3fp\libstdc++.a(eh_exception.o)
                0x800058e8                std::bad_exception::~bad_exception()
 .text._ZNKSt9exception4whatEv
                0x800058f4        0x8 c:/program files (x86)/atmel/studio/7.0/toolchain/avr32/avr32-gnu-toolchain/bin/../lib/gcc/avr32/4.4.7/ucr3fp\libstdc++.a(eh_exception.o)
                0x800058f4                std::exception::what() const
 .text._ZNKSt13bad_exception4whatEv
                0x800058fc        0x8 c:/program files (x86)/atmel/studio/7.0/toolchain/avr32/avr32-gnu-toolchain/bin/../lib/gcc/avr32/4.4.7/ucr3fp\libstdc++.a(eh_exception.o)
                0x800058fc                std::bad_exception::what() const
 .text._ZNSt9exceptionD0Ev
                0x80005904       0x18 c:/program files (x86)/atmel/studio/7.0/toolchain/avr32/avr32-gnu-toolchain/bin/../lib/gcc/avr32/4.4.7/ucr3fp\libstdc++.a(eh_exception.o)
                0x80005904                std::exception::~exception()
 .text._ZNSt13bad_exceptionD0Ev
                0x8000591c       0x18 c:/program files (x86)/atmel/studio/7.0/toolchain/avr32/avr32-gnu-toolchain/bin/../lib/gcc/avr32/4.4.7/ucr3fp\libstdc++.a(eh_exception.o)
                0x8000591c                std::bad_exception::~bad_exception()
 .text.__cxa_get_globals_fast
                0x80005934        0x8 c:/program files (x86)/atmel/studio/7.0/toolchain/avr32/avr32-gnu-toolchain/bin/../lib/gcc/avr32/4.4.7/ucr3fp\libstdc++.a(eh_globals.o)
                0x80005934                __cxa_get_globals_fast
 .text.__cxa_get_globals
                0x8000593c        0x8 c:/program files (x86)/atmel/studio/7.0/toolchain/avr32/avr32-gnu-toolchain/bin/../lib/gcc/avr32/4.4.7/ucr3fp\libstdc++.a(eh_globals.o)
                0x8000593c                __cxa_get_globals
 .text._ZN10__cxxabiv111__terminateEPFvvE
                0x80005944       0x80 c:/program files (x86)/atmel/studio/7.0/toolchain/avr32/avr32-gnu-toolchain/bin/../lib/gcc/avr32/4.4.7/ucr3fp\libstdc++.a(eh_terminate.o)
                0x80005944                __cxxabiv1::__terminate(void (*)())
 .text._ZSt9terminatev
                0x800059c4       0x14 c:/program files (x86)/atmel/studio/7.0/toolchain/avr32/avr32-gnu-toolchain/bin/../lib/gcc/avr32/4.4.7/ucr3fp\libstdc++.a(eh_terminate.o)
                0x800059c4                std::terminate()
 .text._ZN10__cxxabiv112__unexpectedEPFvvE
                0x800059d8        0xc c:/program files (x86)/atmel/studio/7.0/toolchain/avr32/avr32-gnu-toolchain/bin/../lib/gcc/avr32/4.4.7/ucr3fp\libstdc++.a(eh_terminate.o)
                0x800059d8                __cxxabiv1::__unexpected(void (*)())
 .text._ZSt10unexpectedv
                0x800059e4       0x14 c:/program files (x86)/atmel/studio/7.0/toolchain/avr32/avr32-gnu-toolchain/bin/../lib/gcc/avr32/4.4.7/ucr3fp\libstdc++.a(eh_terminate.o)
                0x800059e4                std::unexpected()
 .text.__cxa_call_terminate
                0x800059f8       0x4c c:/program files (x86)/atmel/studio/7.0/toolchain/avr32/avr32-gnu-toolchain/bin/../lib/gcc/avr32/4.4.7/ucr3fp\libstdc++.a(eh_call.o)
                0x800059f8                __cxa_call_terminate
 .text.__cxa_end_catch
                0x80005a44       0x84 c:/program files (x86)/atmel/studio/7.0/toolchain/avr32/avr32-gnu-toolchain/bin/../lib/gcc/avr32/4.4.7/ucr3fp\libstdc++.a(eh_catch.o)
                0x80005a44                __cxa_end_catch
 .text.__cxa_begin_catch
                0x80005ac8       0xd8 c:/program files (x86)/atmel/studio/7.0/toolchain/avr32/avr32-gnu-toolchain/bin/../lib/gcc/avr32/4.4.7/ucr3fp\libstdc++.a(eh_catch.o)
                0x80005ac8                __cxa_begin_catch
 .text._ZNSt9type_infoD2Ev
                0x80005ba0        0xc c:/program files (x86)/atmel/studio/7.0/toolchain/avr32/avr32-gnu-toolchain/bin/../lib/gcc/avr32/4.4.7/ucr3fp\libstdc++.a(tinfo.o)
                0x80005ba0                std::type_info::~type_info()
 .text._ZNSt9type_infoD1Ev
                0x80005bac        0xc c:/program files (x86)/atmel/studio/7.0/toolchain/avr32/avr32-gnu-toolchain/bin/../lib/gcc/avr32/4.4.7/ucr3fp\libstdc++.a(tinfo.o)
                0x80005bac                std::type_info::~type_info()
 .text._ZNKSt9type_info14__is_pointer_pEv
                0x80005bb8        0x2 c:/program files (x86)/atmel/studio/7.0/toolchain/avr32/avr32-gnu-toolchain/bin/../lib/gcc/avr32/4.4.7/ucr3fp\libstdc++.a(tinfo.o)
                0x80005bb8                std::type_info::__is_pointer_p() const
 .text._ZNKSt9type_info15__is_function_pEv
                0x80005bba        0x2 c:/program files (x86)/atmel/studio/7.0/toolchain/avr32/avr32-gnu-toolchain/bin/../lib/gcc/avr32/4.4.7/ucr3fp\libstdc++.a(tinfo.o)
                0x80005bba                std::type_info::__is_function_p() const
 .text._ZNKSt9type_info10__do_catchEPKS_PPvj
                0x80005bbc        0xa c:/program files (x86)/atmel/studio/7.0/toolchain/avr32/avr32-gnu-toolchain/bin/../lib/gcc/avr32/4.4.7/ucr3fp\libstdc++.a(tinfo.o)
                0x80005bbc                std::type_info::__do_catch(std::type_info const*, void**, unsigned int) const
 .text._ZNKSt9type_info11__do_upcastEPKN10__cxxabiv117__class_type_infoEPPv
                0x80005bc6        0x2 c:/program files (x86)/atmel/studio/7.0/toolchain/avr32/avr32-gnu-toolchain/bin/../lib/gcc/avr32/4.4.7/ucr3fp\libstdc++.a(tinfo.o)
                0x80005bc6                std::type_info::__do_upcast(__cxxabiv1::__class_type_info const*, void**) const
 .text._ZNSt9type_infoD0Ev
                0x80005bc8       0x18 c:/program files (x86)/atmel/studio/7.0/toolchain/avr32/avr32-gnu-toolchain/bin/../lib/gcc/avr32/4.4.7/ucr3fp\libstdc++.a(tinfo.o)
                0x80005bc8                std::type_info::~type_info()
 .text._ZN9__gnu_cxx27__verbose_terminate_handlerEv
                0x80005be0      0x1b4 c:/program files (x86)/atmel/studio/7.0/toolchain/avr32/avr32-gnu-toolchain/bin/../lib/gcc/avr32/4.4.7/ucr3fp\libstdc++.a(vterminate.o)
                0x80005be0                __gnu_cxx::__verbose_terminate_handler()
 .text.__cxa_current_exception_type
                0x80005d94       0x34 c:/program files (x86)/atmel/studio/7.0/toolchain/avr32/avr32-gnu-toolchain/bin/../lib/gcc/avr32/4.4.7/ucr3fp\libstdc++.a(eh_type.o)
                0x80005d94                __cxa_current_exception_type
 .text          0x80005dc8     0x32b8 c:/program files (x86)/atmel/studio/7.0/toolchain/avr32/avr32-gnu-toolchain/bin/../lib/gcc/avr32/4.4.7/ucr3fp\libstdc++.a(cp-demangle.o)
                0x80008448                __gcclibcxx_demangle_callback
                0x800088a8                __cxa_demangle
 .text.asin     0x80009080       0xb0 c:/program files (x86)/atmel/studio/7.0/toolchain/avr32/avr32-gnu-toolchain/bin/../lib/gcc/avr32/4.4.7/../../../../avr32/lib/ucr3fp\libm.a(lib_a-w_asin.o)
                0x80009080                asin
 .text.atan2    0x80009130        0xc c:/program files (x86)/atmel/studio/7.0/toolchain/avr32/avr32-gnu-toolchain/bin/../lib/gcc/avr32/4.4.7/../../../../avr32/lib/ucr3fp\libm.a(lib_a-w_atan2.o)
                0x80009130                atan2
 .text.sqrt     0x8000913c       0xb4 c:/program files (x86)/atmel/studio/7.0/toolchain/avr32/avr32-gnu-toolchain/bin/../lib/gcc/avr32/4.4.7/../../../../avr32/lib/ucr3fp\libm.a(lib_a-w_sqrt.o)
                0x8000913c                sqrt
 .text.__ieee754_asin
                0x800091f0      0x50c c:/program files (x86)/atmel/studio/7.0/toolchain/avr32/avr32-gnu-toolchain/bin/../lib/gcc/avr32/4.4.7/../../../../avr32/lib/ucr3fp\libm.a(lib_a-e_asin.o)
                0x800091f0                __ieee754_asin
 .text.__ieee754_atan2
                0x800096fc      0x240 c:/program files (x86)/atmel/studio/7.0/toolchain/avr32/avr32-gnu-toolchain/bin/../lib/gcc/avr32/4.4.7/../../../../avr32/lib/ucr3fp\libm.a(lib_a-e_atan2.o)
                0x800096fc                __ieee754_atan2
 .text.__ieee754_sqrt
                0x8000993c      0x19c c:/program files (x86)/atmel/studio/7.0/toolchain/avr32/avr32-gnu-toolchain/bin/../lib/gcc/avr32/4.4.7/../../../../avr32/lib/ucr3fp\libm.a(lib_a-e_sqrt.o)
                0x8000993c                __ieee754_sqrt
 .text.atan     0x80009ad8      0x368 c:/program files (x86)/atmel/studio/7.0/toolchain/avr32/avr32-gnu-toolchain/bin/../lib/gcc/avr32/4.4.7/../../../../avr32/lib/ucr3fp\libm.a(lib_a-s_atan.o)
                0x80009ad8                atan
 .text.fabs     0x80009e40        0x8 c:/program files (x86)/atmel/studio/7.0/toolchain/avr32/avr32-gnu-toolchain/bin/../lib/gcc/avr32/4.4.7/../../../../avr32/lib/ucr3fp\libm.a(lib_a-s_fabs.o)
                0x80009e40                fabs
 .text.__isnand
                0x80009e48       0x1c c:/program files (x86)/atmel/studio/7.0/toolchain/avr32/avr32-gnu-toolchain/bin/../lib/gcc/avr32/4.4.7/../../../../avr32/lib/ucr3fp\libm.a(lib_a-s_isnand.o)
                0x80009e48                __isnand
 .text.matherr  0x80009e64        0x2 c:/program files (x86)/atmel/studio/7.0/toolchain/avr32/avr32-gnu-toolchain/bin/../lib/gcc/avr32/4.4.7/../../../../avr32/lib/ucr3fp\libm.a(lib_a-s_matherr.o)
                0x80009e64                matherr
 .text.nan      0x80009e66        0x8 c:/program files (x86)/atmel/studio/7.0/toolchain/avr32/avr32-gnu-toolchain/bin/../lib/gcc/avr32/4.4.7/../../../../avr32/lib/ucr3fp\libm.a(lib_a-s_nan.o)
                0x80009e66                nan
 *fill*         0x80009e6e        0x2 d703d703
 .text          0x80009e70      0x1d4 c:/program files (x86)/atmel/studio/7.0/toolchain/avr32/avr32-gnu-toolchain/bin/../lib/gcc/avr32/4.4.7/ucr3fp\libgcc.a(_avr32_f64_mul.o)
                0x80009e70                __avr32_f64_mul
 .text          0x8000a044      0x2b0 c:/program files (x86)/atmel/studio/7.0/toolchain/avr32/avr32-gnu-toolchain/bin/../lib/gcc/avr32/4.4.7/ucr3fp\libgcc.a(_avr32_f64_addsub.o)
                0x8000a048                __avr32_f64_sub
                0x8000a1e4                __avr32_f64_add
 .text          0x8000a2f4       0x2a c:/program files (x86)/atmel/studio/7.0/toolchain/avr32/avr32-gnu-toolchain/bin/../lib/gcc/avr32/4.4.7/ucr3fp\libgcc.a(_avr32_f64_to_s32.o)
                0x8000a2f4                __avr32_f64_to_u32
                0x8000a2f8                __avr32_f64_to_s32
 .text          0x8000a31e       0xe8 c:/program files (x86)/atmel/studio/7.0/toolchain/avr32/avr32-gnu-toolchain/bin/../lib/gcc/avr32/4.4.7/ucr3fp\libgcc.a(_avr32_s32_to_f64.o)
                0x8000a31e                __avr32_u32_to_f64
                0x8000a326                __avr32_s32_to_f64
 .text          0x8000a406       0x26 c:/program files (x86)/atmel/studio/7.0/toolchain/avr32/avr32-gnu-toolchain/bin/../lib/gcc/avr32/4.4.7/ucr3fp\libgcc.a(_avr32_f64_cmp_eq.o)
                0x8000a406                __avr32_f64_cmp_eq
 .text          0x8000a42c       0x68 c:/program files (x86)/atmel/studio/7.0/toolchain/avr32/avr32-gnu-toolchain/bin/../lib/gcc/avr32/4.4.7/ucr3fp\libgcc.a(_avr32_f64_cmp_ge.o)
                0x8000a42c                __avr32_f64_cmp_ge
 .text          0x8000a494       0x68 c:/program files (x86)/atmel/studio/7.0/toolchain/avr32/avr32-gnu-toolchain/bin/../lib/gcc/avr32/4.4.7/ucr3fp\libgcc.a(_avr32_f64_cmp_lt.o)
                0x8000a494                __avr32_f64_cmp_lt
 .text          0x8000a4fc      0x318 c:/program files (x86)/atmel/studio/7.0/toolchain/avr32/avr32-gnu-toolchain/bin/../lib/gcc/avr32/4.4.7/ucr3fp\libgcc.a(_avr32_f64_div.o)
                0x8000a4fc                __avr32_f64_div
 .text          0x8000a814      0x160 c:/program files (x86)/atmel/studio/7.0/toolchain/avr32/avr32-gnu-toolchain/bin/../lib/gcc/avr32/4.4.7/ucr3fp\libgcc.a(_avr32_f32_div.o)
                0x8000a814                __avr32_f32_div
 .text          0x8000a974       0x60 c:/program files (x86)/atmel/studio/7.0/toolchain/avr32/avr32-gnu-toolchain/bin/../lib/gcc/avr32/4.4.7/ucr3fp\libgcc.a(_avr32_f32_to_f64.o)
                0x8000a974                __avr32_f32_to_f64
 .text          0x8000a9d4       0x8a c:/program files (x86)/atmel/studio/7.0/toolchain/avr32/avr32-gnu-toolchain/bin/../lib/gcc/avr32/4.4.7/ucr3fp\libgcc.a(_avr32_f64_to_f32.o)
                0x8000a9d4                __avr32_f64_to_f32
 .text          0x8000aa5e      0x2b4 c:/program files (x86)/atmel/studio/7.0/toolchain/avr32/avr32-gnu-toolchain/bin/../lib/gcc/avr32/4.4.7/ucr3fp\libgcc.a(_divdi3.o)
                0x8000aa5e                __avr32_sdiv64
                0x8000aa5e                __divdi3
 .text          0x8000ad12      0x264 c:/program files (x86)/atmel/studio/7.0/toolchain/avr32/avr32-gnu-toolchain/bin/../lib/gcc/avr32/4.4.7/ucr3fp\libgcc.a(_udivdi3.o)
                0x8000ad12                __avr32_udiv64
                0x8000ad12                __udivdi3
 *fill*         0x8000af76        0x2 d703d703
 .text          0x8000af78      0x2d4 c:/program files (x86)/atmel/studio/7.0/toolchain/avr32/avr32-gnu-toolchain/bin/../lib/gcc/avr32/4.4.7/ucr3fp\libgcc.a(unwind-sjlj.o)
                0x8000af78                _Unwind_SjLj_Register
                0x8000af88                _Unwind_SjLj_Unregister
                0x8000af94                _Unwind_GetGR
                0x8000af9e                _Unwind_GetCFA
                0x8000afa8                _Unwind_SetGR
                0x8000afb2                _Unwind_GetIP
                0x8000afba                _Unwind_GetIPInfo
                0x8000afcc                _Unwind_SetIP
                0x8000afd4                _Unwind_GetLanguageSpecificData
                0x8000afda                _Unwind_GetRegionStart
                0x8000afdc                _Unwind_FindEnclosingFunction
                0x8000afde                _Unwind_GetDataRelBase
                0x8000afe0                _Unwind_GetTextRelBase
                0x8000b068                _Unwind_DeleteException
                0x8000b078                _Unwind_Backtrace
                0x8000b148                _Unwind_SjLj_Resume
                0x8000b17c                _Unwind_SjLj_ForcedUnwind
                0x8000b1a8                _Unwind_SjLj_RaiseException
                0x8000b210                _Unwind_SjLj_Resume_or_Rethrow
 .text.abort    0x8000b24c       0x18 c:/program files (x86)/atmel/studio/7.0/toolchain/avr32/avr32-gnu-toolchain/bin/../lib/gcc/avr32/4.4.7/../../../../avr32/lib/ucr3fp\libc.a(lib_a-abort.o)
                0x8000b24c                abort
 .text.atexit   0x8000b264       0x14 c:/program files (x86)/atmel/studio/7.0/toolchain/avr32/avr32-gnu-toolchain/bin/../lib/gcc/avr32/4.4.7/../../../../avr32/lib/ucr3fp\libc.a(lib_a-atexit.o)
                0x8000b264                atexit
 .text.__errno  0x8000b278        0xc c:/program files (x86)/atmel/studio/7.0/toolchain/avr32/avr32-gnu-toolchain/bin/../lib/gcc/avr32/4.4.7/../../../../avr32/lib/ucr3fp\libc.a(lib_a-errno.o)
                0x8000b278                __errno
 .text.exit     0x8000b284       0x28 c:/program files (x86)/atmel/studio/7.0/toolchain/avr32/avr32-gnu-toolchain/bin/../lib/gcc/avr32/4.4.7/../../../../avr32/lib/ucr3fp\libc.a(lib_a-exit.o)
                0x8000b284                exit
 .text._fputc_r
                0x8000b2ac       0x58 c:/program files (x86)/atmel/studio/7.0/toolchain/avr32/avr32-gnu-toolchain/bin/../lib/gcc/avr32/4.4.7/../../../../avr32/lib/ucr3fp\libc.a(lib_a-fputc.o)
                0x8000b2ac                _fputc_r
 .text.fputc    0x8000b304       0x18 c:/program files (x86)/atmel/studio/7.0/toolchain/avr32/avr32-gnu-toolchain/bin/../lib/gcc/avr32/4.4.7/../../../../avr32/lib/ucr3fp\libc.a(lib_a-fputc.o)
                0x8000b304                fputc
 .text._fputs_r
                0x8000b31c       0x70 c:/program files (x86)/atmel/studio/7.0/toolchain/avr32/avr32-gnu-toolchain/bin/../lib/gcc/avr32/4.4.7/../../../../avr32/lib/ucr3fp\libc.a(lib_a-fputs.o)
                0x8000b31c                _fputs_r
 .text.fputs    0x8000b38c       0x18 c:/program files (x86)/atmel/studio/7.0/toolchain/avr32/avr32-gnu-toolchain/bin/../lib/gcc/avr32/4.4.7/../../../../avr32/lib/ucr3fp\libc.a(lib_a-fputs.o)
                0x8000b38c                fputs
 .text.__sfvwrite_r
                0x8000b3a4      0x2c4 c:/program files (x86)/atmel/studio/7.0/toolchain/avr32/avr32-gnu-toolchain/bin/../lib/gcc/avr32/4.4.7/../../../../avr32/lib/ucr3fp\libc.a(lib_a-fvwrite.o)
                0x8000b3a4                __sfvwrite_r
 .text._fwrite_r
                0x8000b668       0x78 c:/program files (x86)/atmel/studio/7.0/toolchain/avr32/avr32-gnu-toolchain/bin/../lib/gcc/avr32/4.4.7/../../../../avr32/lib/ucr3fp\libc.a(lib_a-fwrite.o)
                0x8000b668                _fwrite_r
 .text.fwrite   0x8000b6e0       0x1c c:/program files (x86)/atmel/studio/7.0/toolchain/avr32/avr32-gnu-toolchain/bin/../lib/gcc/avr32/4.4.7/../../../../avr32/lib/ucr3fp\libc.a(lib_a-fwrite.o)
                0x8000b6e0                fwrite
 .text.free     0x8000b6fc       0x18 c:/program files (x86)/atmel/studio/7.0/toolchain/avr32/avr32-gnu-toolchain/bin/../lib/gcc/avr32/4.4.7/../../../../avr32/lib/ucr3fp\libc.a(lib_a-malloc.o)
                0x8000b6fc                free
 .text.malloc   0x8000b714       0x18 c:/program files (x86)/atmel/studio/7.0/toolchain/avr32/avr32-gnu-toolchain/bin/../lib/gcc/avr32/4.4.7/../../../../avr32/lib/ucr3fp\libc.a(lib_a-malloc.o)
                0x8000b714                malloc
 .text._malloc_r
                0x8000b72c      0x450 c:/program files (x86)/atmel/studio/7.0/toolchain/avr32/avr32-gnu-toolchain/bin/../lib/gcc/avr32/4.4.7/../../../../avr32/lib/ucr3fp\libc.a(lib_a-mallocr.o)
                0x8000b72c                _malloc_r
 .text.memchr   0x8000bb7c       0x16 c:/program files (x86)/atmel/studio/7.0/toolchain/avr32/avr32-gnu-toolchain/bin/../lib/gcc/avr32/4.4.7/../../../../avr32/lib/ucr3fp\libc.a(lib_a-memchr.o)
                0x8000bb7c                memchr
 .text.memcmp   0x8000bb92       0x26 c:/program files (x86)/atmel/studio/7.0/toolchain/avr32/avr32-gnu-toolchain/bin/../lib/gcc/avr32/4.4.7/../../../../avr32/lib/ucr3fp\libc.a(lib_a-memcmp.o)
                0x8000bb92                memcmp
 .text          0x8000bbb8      0x148 c:/program files (x86)/atmel/studio/7.0/toolchain/avr32/avr32-gnu-toolchain/bin/../lib/gcc/avr32/4.4.7/../../../../avr32/lib/ucr3fp\libc.a(lib_a-memcpy.o)
                0x8000bbb8                memcpy
 .text.memmove  0x8000bd00       0x3e c:/program files (x86)/atmel/studio/7.0/toolchain/avr32/avr32-gnu-toolchain/bin/../lib/gcc/avr32/4.4.7/../../../../avr32/lib/ucr3fp\libc.a(lib_a-memmove.o)
                0x8000bd00                memmove
 .text.memset   0x8000bd3e        0xe c:/program files (x86)/atmel/studio/7.0/toolchain/avr32/avr32-gnu-toolchain/bin/../lib/gcc/avr32/4.4.7/../../../../avr32/lib/ucr3fp\libc.a(lib_a-memset.o)
                0x8000bd3e                memset
 .text.__malloc_lock
                0x8000bd4c        0x2 c:/program files (x86)/atmel/studio/7.0/toolchain/avr32/avr32-gnu-toolchain/bin/../lib/gcc/avr32/4.4.7/../../../../avr32/lib/ucr3fp\libc.a(lib_a-mlock.o)
                0x8000bd4c                __malloc_lock
 .text.__malloc_unlock
                0x8000bd4e        0x2 c:/program files (x86)/atmel/studio/7.0/toolchain/avr32/avr32-gnu-toolchain/bin/../lib/gcc/avr32/4.4.7/../../../../avr32/lib/ucr3fp\libc.a(lib_a-mlock.o)
                0x8000bd4e                __malloc_unlock
 .text._putc_r  0x8000bd50       0x8c c:/program files (x86)/atmel/studio/7.0/toolchain/avr32/avr32-gnu-toolchain/bin/../lib/gcc/avr32/4.4.7/../../../../avr32/lib/ucr3fp\libc.a(lib_a-putc.o)
                0x8000bd50                _putc_r
 .text.realloc  0x8000bddc       0x18 c:/program files (x86)/atmel/studio/7.0/toolchain/avr32/avr32-gnu-toolchain/bin/../lib/gcc/avr32/4.4.7/../../../../avr32/lib/ucr3fp\libc.a(lib_a-realloc.o)
                0x8000bddc                realloc
 .text._realloc_r
                0x8000bdf4      0x2e0 c:/program files (x86)/atmel/studio/7.0/toolchain/avr32/avr32-gnu-toolchain/bin/../lib/gcc/avr32/4.4.7/../../../../avr32/lib/ucr3fp\libc.a(lib_a-reallocr.o)
                0x8000bdf4                _realloc_r
 .text._sbrk_r  0x8000c0d4       0x28 c:/program files (x86)/atmel/studio/7.0/toolchain/avr32/avr32-gnu-toolchain/bin/../lib/gcc/avr32/4.4.7/../../../../avr32/lib/ucr3fp\libc.a(lib_a-sbrkr.o)
                0x8000c0d4                _sbrk_r
 .text._raise_r
                0x8000c0fc       0x58 c:/program files (x86)/atmel/studio/7.0/toolchain/avr32/avr32-gnu-toolchain/bin/../lib/gcc/avr32/4.4.7/../../../../avr32/lib/ucr3fp\libc.a(lib_a-signal.o)
                0x8000c0fc                _raise_r
 .text.raise    0x8000c154       0x18 c:/program files (x86)/atmel/studio/7.0/toolchain/avr32/avr32-gnu-toolchain/bin/../lib/gcc/avr32/4.4.7/../../../../avr32/lib/ucr3fp\libc.a(lib_a-signal.o)
                0x8000c154                raise
 .text._getpid_r
                0x8000c16c        0xc c:/program files (x86)/atmel/studio/7.0/toolchain/avr32/avr32-gnu-toolchain/bin/../lib/gcc/avr32/4.4.7/../../../../avr32/lib/ucr3fp\libc.a(lib_a-signalr.o)
                0x8000c16c                _getpid_r
 .text._kill_r  0x8000c178       0x2c c:/program files (x86)/atmel/studio/7.0/toolchain/avr32/avr32-gnu-toolchain/bin/../lib/gcc/avr32/4.4.7/../../../../avr32/lib/ucr3fp\libc.a(lib_a-signalr.o)
                0x8000c178                _kill_r
 .text.sprintf  0x8000c1a4       0x40 c:/program files (x86)/atmel/studio/7.0/toolchain/avr32/avr32-gnu-toolchain/bin/../lib/gcc/avr32/4.4.7/../../../../avr32/lib/ucr3fp\libc.a(lib_a-sprintf.o)
                0x8000c1a4                sprintf
 .text          0x8000c1e4       0xa8 c:/program files (x86)/atmel/studio/7.0/toolchain/avr32/avr32-gnu-toolchain/bin/../lib/gcc/avr32/4.4.7/../../../../avr32/lib/ucr3fp\libc.a(lib_a-strcmp.o)
                0x8000c1e4                strcmp
 .text.strcpy   0x8000c28c       0x12 c:/program files (x86)/atmel/studio/7.0/toolchain/avr32/avr32-gnu-toolchain/bin/../lib/gcc/avr32/4.4.7/../../../../avr32/lib/ucr3fp\libc.a(lib_a-strcpy.o)
                0x8000c28c                strcpy
 .text.strlen   0x8000c29e       0x16 c:/program files (x86)/atmel/studio/7.0/toolchain/avr32/avr32-gnu-toolchain/bin/../lib/gcc/avr32/4.4.7/../../../../avr32/lib/ucr3fp\libc.a(lib_a-strlen.o)
                0x8000c29e                strlen
 .text.strncmp  0x8000c2b4       0x26 c:/program files (x86)/atmel/studio/7.0/toolchain/avr32/avr32-gnu-toolchain/bin/../lib/gcc/avr32/4.4.7/../../../../avr32/lib/ucr3fp\libc.a(lib_a-strncmp.o)
                0x8000c2b4                strncmp
 .text.strnlen  0x8000c2da       0x1c c:/program files (x86)/atmel/studio/7.0/toolchain/avr32/avr32-gnu-toolchain/bin/../lib/gcc/avr32/4.4.7/../../../../avr32/lib/ucr3fp\libc.a(lib_a-strnlen.o)
                0x8000c2da                strnlen
 .text._init_startup
                0x8000c2f6        0x2 c:/program files (x86)/atmel/studio/7.0/toolchain/avr32/avr32-gnu-toolchain/bin/../lib/gcc/avr32/4.4.7/../../../../avr32/lib/ucr3fp\libc.a(lib_a-syscalls.o)
                0x8000c2f6                _init_startup
 .text._init_argv
                0x8000c2f8        0xa c:/program files (x86)/atmel/studio/7.0/toolchain/avr32/avr32-gnu-toolchain/bin/../lib/gcc/avr32/4.4.7/../../../../avr32/lib/ucr3fp\libc.a(lib_a-syscalls.o)
                0x8000c2f8                _init_argv
 .text._exit    0x8000c302        0xa c:/program files (x86)/atmel/studio/7.0/toolchain/avr32/avr32-gnu-toolchain/bin/../lib/gcc/avr32/4.4.7/../../../../avr32/lib/ucr3fp\libc.a(lib_a-syscalls.o)
                0x8000c302                _exit
 .text._close   0x8000c30c       0x18 c:/program files (x86)/atmel/studio/7.0/toolchain/avr32/avr32-gnu-toolchain/bin/../lib/gcc/avr32/4.4.7/../../../../avr32/lib/ucr3fp\libc.a(lib_a-syscalls.o)
                0x8000c30c                _close
 .text._lseek   0x8000c324       0x18 c:/program files (x86)/atmel/studio/7.0/toolchain/avr32/avr32-gnu-toolchain/bin/../lib/gcc/avr32/4.4.7/../../../../avr32/lib/ucr3fp\libc.a(lib_a-syscalls.o)
                0x8000c324                _lseek
 .text._read    0x8000c33c       0x18 c:/program files (x86)/atmel/studio/7.0/toolchain/avr32/avr32-gnu-toolchain/bin/../lib/gcc/avr32/4.4.7/../../../../avr32/lib/ucr3fp\libc.a(lib_a-syscalls.o)
                0x8000c33c                _read
 .text._write   0x8000c354       0x18 c:/program files (x86)/atmel/studio/7.0/toolchain/avr32/avr32-gnu-toolchain/bin/../lib/gcc/avr32/4.4.7/../../../../avr32/lib/ucr3fp\libc.a(lib_a-syscalls.o)
                0x8000c354                _write
 .text.isatty   0x8000c36c       0x18 c:/program files (x86)/atmel/studio/7.0/toolchain/avr32/avr32-gnu-toolchain/bin/../lib/gcc/avr32/4.4.7/../../../../avr32/lib/ucr3fp\libc.a(lib_a-syscalls.o)
                0x8000c36c                isatty
 .text._fstat_host
                0x8000c384       0x18 c:/program files (x86)/atmel/studio/7.0/toolchain/avr32/avr32-gnu-toolchain/bin/../lib/gcc/avr32/4.4.7/../../../../avr32/lib/ucr3fp\libc.a(lib_a-syscalls.o)
                0x8000c384                _fstat_host
 .text._fstat   0x8000c39c       0x50 c:/program files (x86)/atmel/studio/7.0/toolchain/avr32/avr32-gnu-toolchain/bin/../lib/gcc/avr32/4.4.7/../../../../avr32/lib/ucr3fp\libc.a(lib_a-syscalls.o)
                0x8000c39c                _fstat
 .text._kill    0x8000c3ec        0x2 c:/program files (x86)/atmel/studio/7.0/toolchain/avr32/avr32-gnu-toolchain/bin/../lib/gcc/avr32/4.4.7/../../../../avr32/lib/ucr3fp\libc.a(lib_a-syscalls.o)
                0x8000c3ec                _kill
 .text._getpid  0x8000c3ee        0x2 c:/program files (x86)/atmel/studio/7.0/toolchain/avr32/avr32-gnu-toolchain/bin/../lib/gcc/avr32/4.4.7/../../../../avr32/lib/ucr3fp\libc.a(lib_a-syscalls.o)
                0x8000c3ee                _getpid
 .text._sbrk    0x8000c3f0       0x40 c:/program files (x86)/atmel/studio/7.0/toolchain/avr32/avr32-gnu-toolchain/bin/../lib/gcc/avr32/4.4.7/../../../../avr32/lib/ucr3fp\libc.a(lib_a-syscalls.o)
                0x8000c3f0                _sbrk
 .text.get_arg  0x8000c430      0x324 c:/program files (x86)/atmel/studio/7.0/toolchain/avr32/avr32-gnu-toolchain/bin/../lib/gcc/avr32/4.4.7/../../../../avr32/lib/ucr3fp\libc.a(lib_a-vfprintf.o)
 .text.__sprint_r
                0x8000c754       0x20 c:/program files (x86)/atmel/studio/7.0/toolchain/avr32/avr32-gnu-toolchain/bin/../lib/gcc/avr32/4.4.7/../../../../avr32/lib/ucr3fp\libc.a(lib_a-vfprintf.o)
 .text._vfprintf_r
                0x8000c774     0x1f9c c:/program files (x86)/atmel/studio/7.0/toolchain/avr32/avr32-gnu-toolchain/bin/../lib/gcc/avr32/4.4.7/../../../../avr32/lib/ucr3fp\libc.a(lib_a-vfprintf.o)
                0x8000c774                _vfprintf_r
 .text.__swbuf_r
                0x8000e710       0xbc c:/program files (x86)/atmel/studio/7.0/toolchain/avr32/avr32-gnu-toolchain/bin/../lib/gcc/avr32/4.4.7/../../../../avr32/lib/ucr3fp\libc.a(lib_a-wbuf.o)
                0x8000e710                __swbuf_r
 .text.__swsetup_r
                0x8000e7cc       0xe8 c:/program files (x86)/atmel/studio/7.0/toolchain/avr32/avr32-gnu-toolchain/bin/../lib/gcc/avr32/4.4.7/../../../../avr32/lib/ucr3fp\libc.a(lib_a-wsetup.o)
                0x8000e7cc                __swsetup_r
 .text.__register_exitproc
                0x8000e8b4       0xac c:/program files (x86)/atmel/studio/7.0/toolchain/avr32/avr32-gnu-toolchain/bin/../lib/gcc/avr32/4.4.7/../../../../avr32/lib/ucr3fp\libc.a(lib_a-__atexit.o)
                0x8000e8b4                __register_exitproc
 .text.__call_exitprocs
                0x8000e960       0xd4 c:/program files (x86)/atmel/studio/7.0/toolchain/avr32/avr32-gnu-toolchain/bin/../lib/gcc/avr32/4.4.7/../../../../avr32/lib/ucr3fp\libc.a(lib_a-__call_atexit.o)
                0x8000e960                __call_exitprocs
 .text.quorem   0x8000ea34      0x124 c:/program files (x86)/atmel/studio/7.0/toolchain/avr32/avr32-gnu-toolchain/bin/../lib/gcc/avr32/4.4.7/../../../../avr32/lib/ucr3fp\libc.a(lib_a-dtoa.o)
 .text._dtoa_r  0x8000eb58      0xc90 c:/program files (x86)/atmel/studio/7.0/toolchain/avr32/avr32-gnu-toolchain/bin/../lib/gcc/avr32/4.4.7/../../../../avr32/lib/ucr3fp\libc.a(lib_a-dtoa.o)
                0x8000eb58                _dtoa_r
 .text._fflush_r
                0x8000f7e8      0x118 c:/program files (x86)/atmel/studio/7.0/toolchain/avr32/avr32-gnu-toolchain/bin/../lib/gcc/avr32/4.4.7/../../../../avr32/lib/ucr3fp\libc.a(lib_a-fflush.o)
                0x8000f7e8                _fflush_r
 .text.__sfp_lock_acquire
                0x8000f900        0x2 c:/program files (x86)/atmel/studio/7.0/toolchain/avr32/avr32-gnu-toolchain/bin/../lib/gcc/avr32/4.4.7/../../../../avr32/lib/ucr3fp\libc.a(lib_a-findfp.o)
                0x8000f900                __sfp_lock_acquire
 .text.__sfp_lock_release
                0x8000f902        0x2 c:/program files (x86)/atmel/studio/7.0/toolchain/avr32/avr32-gnu-toolchain/bin/../lib/gcc/avr32/4.4.7/../../../../avr32/lib/ucr3fp\libc.a(lib_a-findfp.o)
                0x8000f902                __sfp_lock_release
 .text._cleanup_r
                0x8000f904       0x14 c:/program files (x86)/atmel/studio/7.0/toolchain/avr32/avr32-gnu-toolchain/bin/../lib/gcc/avr32/4.4.7/../../../../avr32/lib/ucr3fp\libc.a(lib_a-findfp.o)
                0x8000f904                _cleanup_r
 .text.__sfmoreglue
                0x8000f918       0x30 c:/program files (x86)/atmel/studio/7.0/toolchain/avr32/avr32-gnu-toolchain/bin/../lib/gcc/avr32/4.4.7/../../../../avr32/lib/ucr3fp\libc.a(lib_a-findfp.o)
                0x8000f918                __sfmoreglue
 .text.__sfp    0x8000f948       0x7c c:/program files (x86)/atmel/studio/7.0/toolchain/avr32/avr32-gnu-toolchain/bin/../lib/gcc/avr32/4.4.7/../../../../avr32/lib/ucr3fp\libc.a(lib_a-findfp.o)
                0x8000f948                __sfp
 .text.__sinit  0x8000f9c4       0xb0 c:/program files (x86)/atmel/studio/7.0/toolchain/avr32/avr32-gnu-toolchain/bin/../lib/gcc/avr32/4.4.7/../../../../avr32/lib/ucr3fp\libc.a(lib_a-findfp.o)
                0x8000f9c4                __sinit
 .text._malloc_trim_r
                0x8000fa74       0xa8 c:/program files (x86)/atmel/studio/7.0/toolchain/avr32/avr32-gnu-toolchain/bin/../lib/gcc/avr32/4.4.7/../../../../avr32/lib/ucr3fp\libc.a(lib_a-freer.o)
                0x8000fa74                _malloc_trim_r
 .text._free_r  0x8000fb1c      0x1a0 c:/program files (x86)/atmel/studio/7.0/toolchain/avr32/avr32-gnu-toolchain/bin/../lib/gcc/avr32/4.4.7/../../../../avr32/lib/ucr3fp\libc.a(lib_a-freer.o)
                0x8000fb1c                _free_r
 .text._fwalk   0x8000fcbc       0x54 c:/program files (x86)/atmel/studio/7.0/toolchain/avr32/avr32-gnu-toolchain/bin/../lib/gcc/avr32/4.4.7/../../../../avr32/lib/ucr3fp\libc.a(lib_a-fwalk.o)
                0x8000fcbc                _fwalk
 .text._localeconv_r
                0x8000fd10        0x8 c:/program files (x86)/atmel/studio/7.0/toolchain/avr32/avr32-gnu-toolchain/bin/../lib/gcc/avr32/4.4.7/../../../../avr32/lib/ucr3fp\libc.a(lib_a-locale.o)
                0x8000fd10                _localeconv_r
 .text.__smakebuf_r
                0x8000fd18       0xcc c:/program files (x86)/atmel/studio/7.0/toolchain/avr32/avr32-gnu-toolchain/bin/../lib/gcc/avr32/4.4.7/../../../../avr32/lib/ucr3fp\libc.a(lib_a-makebuf.o)
                0x8000fd18                __smakebuf_r
 .text.__hi0bits
                0x8000fde4       0x60 c:/program files (x86)/atmel/studio/7.0/toolchain/avr32/avr32-gnu-toolchain/bin/../lib/gcc/avr32/4.4.7/../../../../avr32/lib/ucr3fp\libc.a(lib_a-mprec.o)
                0x8000fde4                __hi0bits
 .text.__lo0bits
                0x8000fe44       0x8e c:/program files (x86)/atmel/studio/7.0/toolchain/avr32/avr32-gnu-toolchain/bin/../lib/gcc/avr32/4.4.7/../../../../avr32/lib/ucr3fp\libc.a(lib_a-mprec.o)
                0x8000fe44                __lo0bits
 .text.__mcmp   0x8000fed2       0x32 c:/program files (x86)/atmel/studio/7.0/toolchain/avr32/avr32-gnu-toolchain/bin/../lib/gcc/avr32/4.4.7/../../../../avr32/lib/ucr3fp\libc.a(lib_a-mprec.o)
                0x8000fed2                __mcmp
 .text._Bfree   0x8000ff04       0x38 c:/program files (x86)/atmel/studio/7.0/toolchain/avr32/avr32-gnu-toolchain/bin/../lib/gcc/avr32/4.4.7/../../../../avr32/lib/ucr3fp\libc.a(lib_a-mprec.o)
                0x8000ff04                _Bfree
 .text._Balloc  0x8000ff3c       0x78 c:/program files (x86)/atmel/studio/7.0/toolchain/avr32/avr32-gnu-toolchain/bin/../lib/gcc/avr32/4.4.7/../../../../avr32/lib/ucr3fp\libc.a(lib_a-mprec.o)
                0x8000ff3c                _Balloc
 .text.__d2b    0x8000ffb4       0xb4 c:/program files (x86)/atmel/studio/7.0/toolchain/avr32/avr32-gnu-toolchain/bin/../lib/gcc/avr32/4.4.7/../../../../avr32/lib/ucr3fp\libc.a(lib_a-mprec.o)
                0x8000ffb4                __d2b
 .text.__mdiff  0x80010068       0xd8 c:/program files (x86)/atmel/studio/7.0/toolchain/avr32/avr32-gnu-toolchain/bin/../lib/gcc/avr32/4.4.7/../../../../avr32/lib/ucr3fp\libc.a(lib_a-mprec.o)
                0x80010068                __mdiff
 .text.__lshift
                0x80010140       0x94 c:/program files (x86)/atmel/studio/7.0/toolchain/avr32/avr32-gnu-toolchain/bin/../lib/gcc/avr32/4.4.7/../../../../avr32/lib/ucr3fp\libc.a(lib_a-mprec.o)
                0x80010140                __lshift
 .text.__multiply
                0x800101d4      0x108 c:/program files (x86)/atmel/studio/7.0/toolchain/avr32/avr32-gnu-toolchain/bin/../lib/gcc/avr32/4.4.7/../../../../avr32/lib/ucr3fp\libc.a(lib_a-mprec.o)
                0x800101d4                __multiply
 .text.__i2b    0x800102dc       0x18 c:/program files (x86)/atmel/studio/7.0/toolchain/avr32/avr32-gnu-toolchain/bin/../lib/gcc/avr32/4.4.7/../../../../avr32/lib/ucr3fp\libc.a(lib_a-mprec.o)
                0x800102dc                __i2b
 .text.__multadd
                0x800102f4       0x88 c:/program files (x86)/atmel/studio/7.0/toolchain/avr32/avr32-gnu-toolchain/bin/../lib/gcc/avr32/4.4.7/../../../../avr32/lib/ucr3fp\libc.a(lib_a-mprec.o)
                0x800102f4                __multadd
 .text.__pow5mult
                0x8001037c       0xac c:/program files (x86)/atmel/studio/7.0/toolchain/avr32/avr32-gnu-toolchain/bin/../lib/gcc/avr32/4.4.7/../../../../avr32/lib/ucr3fp\libc.a(lib_a-mprec.o)
                0x8001037c                __pow5mult
 .text.__isinfd
                0x80010428       0x2a c:/program files (x86)/atmel/studio/7.0/toolchain/avr32/avr32-gnu-toolchain/bin/../lib/gcc/avr32/4.4.7/../../../../avr32/lib/ucr3fp\libc.a(lib_a-s_isinfd.o)
                0x80010428                __isinfd
 *fill*         0x80010452        0x2 d703d703
 .text.__sclose
                0x80010454       0x10 c:/program files (x86)/atmel/studio/7.0/toolchain/avr32/avr32-gnu-toolchain/bin/../lib/gcc/avr32/4.4.7/../../../../avr32/lib/ucr3fp\libc.a(lib_a-stdio.o)
                0x80010454                __sclose
 .text.__sseek  0x80010464       0x28 c:/program files (x86)/atmel/studio/7.0/toolchain/avr32/avr32-gnu-toolchain/bin/../lib/gcc/avr32/4.4.7/../../../../avr32/lib/ucr3fp\libc.a(lib_a-stdio.o)
                0x80010464                __sseek
 .text.__swrite
                0x8001048c       0x38 c:/program files (x86)/atmel/studio/7.0/toolchain/avr32/avr32-gnu-toolchain/bin/../lib/gcc/avr32/4.4.7/../../../../avr32/lib/ucr3fp\libc.a(lib_a-stdio.o)
                0x8001048c                __swrite
 .text.__sread  0x800104c4       0x24 c:/program files (x86)/atmel/studio/7.0/toolchain/avr32/avr32-gnu-toolchain/bin/../lib/gcc/avr32/4.4.7/../../../../avr32/lib/ucr3fp\libc.a(lib_a-stdio.o)
                0x800104c4                __sread
 .text._write_r
                0x800104e8       0x2c c:/program files (x86)/atmel/studio/7.0/toolchain/avr32/avr32-gnu-toolchain/bin/../lib/gcc/avr32/4.4.7/../../../../avr32/lib/ucr3fp\libc.a(lib_a-writer.o)
                0x800104e8                _write_r
 .text._calloc_r
                0x80010514       0x60 c:/program files (x86)/atmel/studio/7.0/toolchain/avr32/avr32-gnu-toolchain/bin/../lib/gcc/avr32/4.4.7/../../../../avr32/lib/ucr3fp\libc.a(lib_a-callocr.o)
                0x80010514                _calloc_r
 .text._close_r
                0x80010574       0x28 c:/program files (x86)/atmel/studio/7.0/toolchain/avr32/avr32-gnu-toolchain/bin/../lib/gcc/avr32/4.4.7/../../../../avr32/lib/ucr3fp\libc.a(lib_a-closer.o)
                0x80010574                _close_r
 .text._fclose_r
                0x8001059c       0xd0 c:/program files (x86)/atmel/studio/7.0/toolchain/avr32/avr32-gnu-toolchain/bin/../lib/gcc/avr32/4.4.7/../../../../avr32/lib/ucr3fp\libc.a(lib_a-fclose.o)
                0x8001059c                _fclose_r
 .text.fclose   0x8001066c       0x18 c:/program files (x86)/atmel/studio/7.0/toolchain/avr32/avr32-gnu-toolchain/bin/../lib/gcc/avr32/4.4.7/../../../../avr32/lib/ucr3fp\libc.a(lib_a-fclose.o)
                0x8001066c                fclose
 .text._fstat_r
                0x80010684       0x2c c:/program files (x86)/atmel/studio/7.0/toolchain/avr32/avr32-gnu-toolchain/bin/../lib/gcc/avr32/4.4.7/../../../../avr32/lib/ucr3fp\libc.a(lib_a-fstatr.o)
                0x80010684                _fstat_r
 .text._lseek_r
                0x800106b0       0x2c c:/program files (x86)/atmel/studio/7.0/toolchain/avr32/avr32-gnu-toolchain/bin/../lib/gcc/avr32/4.4.7/../../../../avr32/lib/ucr3fp\libc.a(lib_a-lseekr.o)
                0x800106b0                _lseek_r
 .text._read_r  0x800106dc       0x2c c:/program files (x86)/atmel/studio/7.0/toolchain/avr32/avr32-gnu-toolchain/bin/../lib/gcc/avr32/4.4.7/../../../../avr32/lib/ucr3fp\libc.a(lib_a-readr.o)
                0x800106dc                _read_r
 .text          0x80010708      0x20c c:/program files (x86)/atmel/studio/7.0/toolchain/avr32/avr32-gnu-toolchain/bin/../lib/gcc/avr32/4.4.7/ucr3fp\libgcc.a(_umoddi3.o)
                0x80010708                __avr32_umod64
                0x80010708                __umoddi3
 .text          0x80010914       0x18 c:/program files (x86)/atmel/studio/7.0/toolchain/avr32/avr32-gnu-toolchain/bin/../lib/gcc/avr32/4.4.7/ucr3fp/crtend.o
 *(.text.*personality*)
 *(.gnu.warning)

.exception      0x80010a00      0x200
 .exception     0x80010a00      0x200 src/ASF/avr32/drivers/intc/exception.o
                0x80010a00                _evba
                0x80010b04                _int0
                0x80010b12                _int1
                0x80010b20                _int2
                0x80010b2e                _int3

.fini           0x80010c00       0x18
 *(.fini)
 .fini          0x80010c00       0x10 c:/program files (x86)/atmel/studio/7.0/toolchain/avr32/avr32-gnu-toolchain/bin/../lib/gcc/avr32/4.4.7/ucr3fp/crti.o
                0x80010c00                _fini
 .fini          0x80010c10        0x4 c:/program files (x86)/atmel/studio/7.0/toolchain/avr32/avr32-gnu-toolchain/bin/../lib/gcc/avr32/4.4.7/ucr3fp/crtbegin.o
 .fini          0x80010c14        0x4 c:/program files (x86)/atmel/studio/7.0/toolchain/avr32/avr32-gnu-toolchain/bin/../lib/gcc/avr32/4.4.7/ucr3fp/crtn.o
                0x80010c18                PROVIDE (__etext, .)
                0x80010c18                PROVIDE (_etext, .)
                0x80010c18                PROVIDE (etext, .)

.rodata         0x80010c18     0x14a4
 *(.rodata .rodata.* .gnu.linkonce.r.*)
 .rodata.USART_GPIO_MAP.14557
                0x80010c18       0x10 src/ASF/avr32/boards/uc3c_ek/init.o
 .rodata.COMPORT_GPIO_MAP.14556
                0x80010c28       0x10 src/ASF/avr32/boards/uc3c_ek/init.o
 .rodata.TWI_GPIO_MAP.14558
                0x80010c38       0x10 src/ASF/avr32/boards/uc3c_ek/init.o
 .rodata.AT45DBX_SPI_GPIO_MAP.14555
                0x80010c48       0x20 src/ASF/avr32/boards/uc3c_ek/init.o
 .rodata.gpio_enable_module_pin
                0x80010c68       0x20 src/ASF/avr32/drivers/gpio/gpio.o
 .rodata._int_handler_table
                0x80010c88      0x178 src/ASF/avr32/drivers/intc/intc.o
 .rodata._ZTSN6AP_HAL10UARTDriverE
                0x80010e00       0x18 src/libraries/AP_HAL/UARTDriver.o
                0x80010e00                typeinfo name for AP_HAL::UARTDriver
 .rodata._ZTIN6AP_HAL10UARTDriverE
                0x80010e18        0xc src/libraries/AP_HAL/UARTDriver.o
                0x80010e18                typeinfo for AP_HAL::UARTDriver
 .rodata._ZTIN6AP_HAL12BetterStreamE
                0x80010e24        0xc src/libraries/AP_HAL/UARTDriver.o
                0x80010e24                typeinfo for AP_HAL::BetterStream
 .rodata._ZTSN6AP_HAL12BetterStreamE
                0x80010e30       0x18 src/libraries/AP_HAL/UARTDriver.o
                0x80010e30                typeinfo name for AP_HAL::BetterStream
 .rodata._ZTIN6AP_HAL6StreamE
                0x80010e48        0xc src/libraries/AP_HAL/UARTDriver.o
                0x80010e48                typeinfo for AP_HAL::Stream
 .rodata._ZTSN6AP_HAL6StreamE
                0x80010e54       0x14 src/libraries/AP_HAL/UARTDriver.o
                0x80010e54                typeinfo name for AP_HAL::Stream
 .rodata._ZTIN6AP_HAL5PrintE
                0x80010e68        0x8 src/libraries/AP_HAL/UARTDriver.o
                0x80010e68                typeinfo for AP_HAL::Print
 .rodata._ZTSN6AP_HAL5PrintE
                0x80010e70       0x10 src/libraries/AP_HAL/UARTDriver.o
                0x80010e70                typeinfo name for AP_HAL::Print
 .rodata.str1.4
                0x80010e80        0x2 src/libraries/AP_HAL/utility/Print.o
                                  0x4 (size before relaxing)
 *fill*         0x80010e82        0x2 
 .rodata.str1.4
                0x80010e84        0x8 src/libraries/AP_HAL/utility/print_vprintf.o
 .rodata._ZTVN5Empty17EmptyAnalogSourceE
                0x80010e8c       0x28 src/libraries/AP_HAL_Empty/AnalogIn_ADC.o
                0x80010e8c                vtable for Empty::EmptyAnalogSource
 .rodata._ZTSN5Empty17EmptyAnalogSourceE
                0x80010eb4       0x1c src/libraries/AP_HAL_Empty/AnalogIn_ADC.o
                0x80010eb4                typeinfo name for Empty::EmptyAnalogSource
 .rodata._ZTIN5Empty17EmptyAnalogSourceE
                0x80010ed0        0xc src/libraries/AP_HAL_Empty/AnalogIn_ADC.o
                0x80010ed0                typeinfo for Empty::EmptyAnalogSource
 .rodata._ZTIN6AP_HAL12AnalogSourceE
                0x80010edc        0x8 src/libraries/AP_HAL_Empty/AnalogIn_ADC.o
                0x80010edc                typeinfo for AP_HAL::AnalogSource
 .rodata._ZTSN6AP_HAL12AnalogSourceE
                0x80010ee4       0x18 src/libraries/AP_HAL_Empty/AnalogIn_ADC.o
                0x80010ee4                typeinfo name for AP_HAL::AnalogSource
 .rodata._ZTVN5Empty11AVRAnalogInE
                0x80010efc       0x24 src/libraries/AP_HAL_Empty/AnalogIn_Common.o
                0x80010efc                vtable for Empty::AVRAnalogIn
 .rodata._ZTSN5Empty11AVRAnalogInE
                0x80010f20       0x18 src/libraries/AP_HAL_Empty/AnalogIn_Common.o
                0x80010f20                typeinfo name for Empty::AVRAnalogIn
 .rodata._ZTIN5Empty11AVRAnalogInE
                0x80010f38        0xc src/libraries/AP_HAL_Empty/AnalogIn_Common.o
                0x80010f38                typeinfo for Empty::AVRAnalogIn
 .rodata._ZTIN6AP_HAL8AnalogInE
                0x80010f44        0x8 src/libraries/AP_HAL_Empty/AnalogIn_Common.o
                0x80010f44                typeinfo for AP_HAL::AnalogIn
 .rodata._ZTSN6AP_HAL8AnalogInE
                0x80010f4c       0x14 src/libraries/AP_HAL_Empty/AnalogIn_Common.o
                0x80010f4c                typeinfo name for AP_HAL::AnalogIn
 .rodata.str1.4
                0x80010f60       0x31 src/libraries/AP_HAL_Empty/AnalogIn_Common.o
                                 0x34 (size before relaxing)
 *fill*         0x80010f91        0x3 
 .rodata._ZTVN5Empty9HAL_EmptyE
                0x80010f94        0xc src/libraries/AP_HAL_Empty/HAL_Empty_Class.o
                0x80010f94                vtable for Empty::HAL_Empty
 .rodata._ZTSN5Empty9HAL_EmptyE
                0x80010fa0       0x14 src/libraries/AP_HAL_Empty/HAL_Empty_Class.o
                0x80010fa0                typeinfo name for Empty::HAL_Empty
 .rodata._ZTIN5Empty9HAL_EmptyE
                0x80010fb4        0xc src/libraries/AP_HAL_Empty/HAL_Empty_Class.o
                0x80010fb4                typeinfo for Empty::HAL_Empty
 .rodata._ZTIN6AP_HAL3HALE
                0x80010fc0        0x8 src/libraries/AP_HAL_Empty/HAL_Empty_Class.o
                0x80010fc0                typeinfo for AP_HAL::HAL
 .rodata._ZTSN6AP_HAL3HALE
                0x80010fc8       0x10 src/libraries/AP_HAL_Empty/HAL_Empty_Class.o
                0x80010fc8                typeinfo name for AP_HAL::HAL
 .rodata._ZTVN5Empty14EmptySchedulerE
                0x80010fd8       0x44 src/libraries/AP_HAL_Empty/Scheduler.o
                0x80010fd8                vtable for Empty::EmptyScheduler
 .rodata._ZTSN5Empty14EmptySchedulerE
                0x8001101c       0x1c src/libraries/AP_HAL_Empty/Scheduler.o
                0x8001101c                typeinfo name for Empty::EmptyScheduler
 .rodata._ZTIN5Empty14EmptySchedulerE
                0x80011038        0xc src/libraries/AP_HAL_Empty/Scheduler.o
                0x80011038                typeinfo for Empty::EmptyScheduler
 .rodata._ZTIN6AP_HAL9SchedulerE
                0x80011044        0x8 src/libraries/AP_HAL_Empty/Scheduler.o
                0x80011044                typeinfo for AP_HAL::Scheduler
 .rodata._ZTSN6AP_HAL9SchedulerE
                0x8001104c       0x14 src/libraries/AP_HAL_Empty/Scheduler.o
                0x8001104c                typeinfo name for AP_HAL::Scheduler
 .rodata._ZTVN5Empty15EmptyUARTDriverE
                0x80011060       0x58 src/libraries/AP_HAL_Empty/UARTDriver.o
                0x80011060                vtable for Empty::EmptyUARTDriver
 .rodata._ZTSN5Empty15EmptyUARTDriverE
                0x800110b8       0x1c src/libraries/AP_HAL_Empty/UARTDriver.o
                0x800110b8                typeinfo name for Empty::EmptyUARTDriver
 .rodata._ZTIN5Empty15EmptyUARTDriverE
                0x800110d4        0xc src/libraries/AP_HAL_Empty/UARTDriver.o
                0x800110d4                typeinfo for Empty::EmptyUARTDriver
 .rodata.str1.4
                0x800110e0       0x9c src/main.o
 .rodata._ZTVSt9bad_alloc
                0x8001117c       0x14 c:/program files (x86)/atmel/studio/7.0/toolchain/avr32/avr32-gnu-toolchain/bin/../lib/gcc/avr32/4.4.7/ucr3fp\libstdc++.a(new_handler.o)
                0x8001117c                vtable for std::bad_alloc
 .rodata._ZTSSt9bad_alloc
                0x80011190       0x10 c:/program files (x86)/atmel/studio/7.0/toolchain/avr32/avr32-gnu-toolchain/bin/../lib/gcc/avr32/4.4.7/ucr3fp\libstdc++.a(new_handler.o)
                0x80011190                typeinfo name for std::bad_alloc
 .rodata._ZTISt9bad_alloc
                0x800111a0        0xc c:/program files (x86)/atmel/studio/7.0/toolchain/avr32/avr32-gnu-toolchain/bin/../lib/gcc/avr32/4.4.7/ucr3fp\libstdc++.a(new_handler.o)